Microchip MPLAB XC8 Compiler V1.20 ()

Linker command line:

-W9 --edf=C:\Program Files (x86)\Microchip\xc8\v1.20\dat\en_msgs.txt -cs \
  -h+dist/K16/production\Klondike.X.production.sym \
  --cmf=dist/K16/production\Klondike.X.production.cmf -z -Q16LF1459 \
  -oC:\Users\Jojko\AppData\Local\Temp\s4es.6 \
  -Mdist/K16/production/Klondike.X.production.map -E1 -ver=XC8 \
  -ACONST=00h-0FFhx32 -ACODE=00h-07FFhx4 -ASTRCODE=00h-01FFFh \
  -AENTRY=00h-0FFhx32 -ASTRING=00h-0FFhx32 -ACOMMON=070h-07Fh \
  -ABANK0=020h-06Fh -ABANK1=0A0h-0EFh -ABANK2=0120h-016Fh \
  -ABANK3=01A0h-01EFh -ABANK4=0220h-026Fh -ABANK5=02A0h-02EFh \
  -ABANK6=0320h-036Fh -ABANK7=03A0h-03EFh -ABANK8=0420h-046Fh \
  -ABANK9=04A0h-04EFh -ABANK10=0520h-056Fh -ABANK11=05A0h-05EFh \
  -ABANK12=0620h-064Fh -ABIGRAM=02000h-023EFh \
  -ARAM=020h-06Fh,0A0h-0EFh,0120h-016Fh,01A0h-01EFh,0220h-026Fh,02A0h-02EFh,0320h-036Fh,03A0h-03EFh,0420h-046Fh,04A0h-04EFh,0520h-056Fh,05A0h-05EFh,0620h-064Fh \
  -AABS1=020h-07Fh,0A0h-0EFh,0120h-016Fh,01A0h-01EFh,0220h-026Fh,02A0h-02EFh,0320h-036Fh,03A0h-03EFh,0420h-046Fh,04A0h-04EFh,0520h-056Fh,05A0h-05EFh,0620h-064Fh \
  -ASFR0=00h-01Fh -ASFR1=080h-09Fh -ASFR2=0100h-011Fh -ASFR3=0180h-019Fh \
  -ASFR4=0200h-021Fh -ASFR5=0280h-029Fh -ASFR6=0300h-031Fh \
  -ASFR7=0380h-039Fh -ASFR8=0400h-041Fh -ASFR9=0480h-049Fh \
  -ASFR10=0500h-051Fh -ASFR11=0580h-059Fh -ASFR12=0600h-061Fh \
  -ASFR13=0680h-06EFh -ASFR14=0700h-076Fh -ASFR15=0780h-07EFh \
  -ASFR16=0800h-086Fh -ASFR17=0880h-08EFh -ASFR18=0900h-096Fh \
  -ASFR19=0980h-09EFh -ASFR20=0A00h-0A6Fh -ASFR21=0A80h-0AEFh \
  -ASFR22=0B00h-0B6Fh -ASFR23=0B80h-0BEFh -ASFR24=0C00h-0C6Fh \
  -ASFR25=0C80h-0CEFh -ASFR26=0D00h-0D6Fh -ASFR27=0D80h-0DEFh \
  -ASFR28=0E00h-0E6Fh -ASFR29=0E80h-0EEFh -ASFR30=0F00h-0F6Fh \
  -ASFR31=0F80h-0FEFh -preset_vec=00h,intentry=04h,init,end_init \
  -ppowerup=CODE -pfunctab=CODE -ACONFIG=08007h-08008h -pconfig=CONFIG \
  -DCONFIG=2 -AIDLOC=08000h-08003h -pidloc=IDLOC -DIDLOC=2 -DCODE=2 \
  -DSTRCODE=2 -DSTRING=2 -DCONST=2 -DENTRY=2 -k \
  C:\Users\Jojko\AppData\Local\Temp\s4es.obj \
  dist/K16/production\Klondike.X.production.obj 

Object code version is 3.11

Machine type is 16LF1459



                Name                               Link     Load   Length Selector   Space Scale
C:\Users\Jojko\AppData\Local\Temp\s4es.obj
                end_init                             12       12        2        8       0
                reset_vec                             0        0        2        0       0
                config                             8007     8007        2    1000E       0
dist/K16/production\Klondike.X.production.obj
                intentry                              4        4        E        8       0
                text65                             1D6C     1D6C       1D     3AD8       0
                text64                              8AF      8AF       11     115E       0
                text63                              8C0      8C0       93     1180       0
                text62                             1148     1148       5B     2290       0
                text60                              9E7      9E7       A8     13CE       0
                text59                             1C26     1C26        1     384C       0
                text58                             1000     1000        1     1DF8       0
                text57                             1001     1001        1     2002       0
                text56                                2        2        1        0       0
                text55                                3        3        1        6       0
                text54                             1C27     1C27        3     384E       0
                text53                              7FF      7FF        1        8       0
                text52                             1F2A     1F2A       40     3E54       0
                text51                             1E2B     1E2B       25     3C56       0
                text50                             1FB2     1FB2       4E     3F64       0
                text49                             1D18     1D18       1C     3A30       0
                text48                             1EEB     1EEB       3F     3DD6       0
                text47                             1CFD     1CFD       1B     39FA       0
                text46                             1D34     1D34       1C     3A68       0
                text45                             1DE7     1DE7       22     3BCE       0
                text44                             1385     1385       64     270A       0
                text43                             16E3     16E3       8E     2DC6       0
                text42                             1051     1051       50     20A2       0
                text41                             13E9     13E9       78     27D2       0
                text40                             1DA7     1DA7       20     3B4E       0
                text39                             1771     1771       8F     2EE2       0
                text38                             1557     1557       7F     2AAE       0
                text37                             10A1     10A1       53     2142       0
                text36                              6DB      6DB      11B        8       0
                swtext1                            1800     1800       1A     3000       0
                text35                             1200     1200       5E     2400       0
                text34                             1002     1002       4F     2004       0
                text33                              A8F      A8F       A8     151E       0
                text32                             1E50     1E50       2D     3CA0       0
                text31                             12BF     12BF       63     257E       0
                text30                             14DB     14DB       7C     29B6       0
                text29                              E05      E05       F7     1C0A       0
                text28                             125E     125E       61     24BC       0
                text27                             1E09     1E09       22     3C12       0
                text26                              EFC      EFC      104     1DF8       0
                text25                              D43      D43       C2     1A86       0
                text24                              7F6      7F6        9        8       0
                text23                             165C     165C       87     2CB8       0
                text22                              594      594      147        8       0
                text21                             1F6A     1F6A       48     3ED4       0
                text20                             11A3     11A3       5D     2346       0
                text19                             10F4     10F4       54     21E8       0
                text18                              C8C      C8C       B7     1918       0
                text17                             1D50     1D50       1C     3AA0       0
                text16                             1C9E     1C9E       17     393C       0
                text15                             1C88     1C88       16     3910       0
                text14                             1C62     1C62       13     38C4       0
                text13                             1C75     1C75       13     38EA       0
                text12                             1CB5     1CB5       17     396A       0
                text11                              BE0      BE0       AC     17C0       0
                text10                              953      953       94     12A6       0
                text9                              1E7D     1E7D       37     3CFA       0
                text8                                14       14      400        8       0
                text7                              1D89     1D89       1E     3B12       0
                text6                              15D6     15D6       86     2BAC       0
                text5                              1C50     1C50       12     38A0       0
                text4                               B37      B37       A9     166E       0
                text3                              1EB4     1EB4       37     3D68       0
                text2                               414      414      180        8       0
                text1                              1461     1461       7A     28C2       0
                maintext                           1CCC     1CCC       17     3998       0
                cstackBANK0                          50       50       18       50       1
                cstackCOMMON                         70       70        E       70       1
                cstackBANK1                          A0       A0       4E       A0       1
                cstackBANK2                         166      166        8      120       1
                inittext                           1C2A     1C2A        C     3854       0
                clrtext                            1C36     1C36        C     386C       0
                dataBANK6                           340      340       20      320       1
                bssBANK6                            320      320       20      320       1
                dataBANK3                           1D0      1D0       1A      1A0       1
                bssBANK3                            1A0      1A0       30      1A0       1
                dataBANK2                           158      158        E      120       1
                bssBANK2                            120      120       38      120       1
                bssBANK1                             EE       EE        2       A0       1
                bssBANK0                             68       68        8       50       1
                cinit                              1322     1322       63     2644       0
                nvBANK3                             1EA      1EA        1      1A0       1
                nvBANK2                             16E      16E        2      120       1
                strings                             800      800       AF     1000       0
                idataBANK6                         1DC7     1DC7       20     3B8E       0
                idataBANK3                         1CE3     1CE3       1A     39C6       0
                idataBANK2                         1C42     1C42        E     3884       0

TOTAL           Name                               Link     Load   Length     Space
        CLASS   CONST          
                swtext1                            1800     1800       1A         0

        CLASS   CODE           
                end_init                             12       12        2         0
                intentry                              4        4        E         0
                reset_vec                             0        0        2         0
                text65                             1D6C     1D6C       1D         0
                text64                              8AF      8AF       11         0
                text63                              8C0      8C0       93         0
                text62                             1148     1148       5B         0
                text60                              9E7      9E7       A8         0
                text59                             1C26     1C26        1         0
                text58                             1000     1000        1         0
                text57                             1001     1001        1         0
                text56                                2        2        1         0
                text55                                3        3        1         0
                text54                             1C27     1C27        3         0
                text53                              7FF      7FF        1         0
                text52                             1F2A     1F2A       40         0
                text51                             1E2B     1E2B       25         0
                text50                             1FB2     1FB2       4E         0
                text49                             1D18     1D18       1C         0
                text48                             1EEB     1EEB       3F         0
                text47                             1CFD     1CFD       1B         0
                text46                             1D34     1D34       1C         0
                text45                             1DE7     1DE7       22         0
                text44                             1385     1385       64         0
                text43                             16E3     16E3       8E         0
                text42                             1051     1051       50         0
                text41                             13E9     13E9       78         0
                text40                             1DA7     1DA7       20         0
                text39                             1771     1771       8F         0
                text38                             1557     1557       7F         0
                text37                             10A1     10A1       53         0
                text36                              6DB      6DB      11B         0
                text35                             1200     1200       5E         0
                text34                             1002     1002       4F         0
                text33                              A8F      A8F       A8         0
                text32                             1E50     1E50       2D         0
                text31                             12BF     12BF       63         0
                text30                             14DB     14DB       7C         0
                text29                              E05      E05       F7         0
                text28                             125E     125E       61         0
                text27                             1E09     1E09       22         0
                text26                              EFC      EFC      104         0
                text25                              D43      D43       C2         0
                text24                              7F6      7F6        9         0
                text23                             165C     165C       87         0
                text22                              594      594      147         0
                text21                             1F6A     1F6A       48         0
                text20                             11A3     11A3       5D         0
                text19                             10F4     10F4       54         0
                text18                              C8C      C8C       B7         0
                text17                             1D50     1D50       1C         0
                text16                             1C9E     1C9E       17         0
                text15                             1C88     1C88       16         0
                text14                             1C62     1C62       13         0
                text13                             1C75     1C75       13         0
                text12                             1CB5     1CB5       17         0
                text11                              BE0      BE0       AC         0
                text10                              953      953       94         0
                text9                              1E7D     1E7D       37         0
                text8                                14       14      400         0
                text7                              1D89     1D89       1E         0
                text6                              15D6     15D6       86         0
                text5                              1C50     1C50       12         0
                text4                               B37      B37       A9         0
                text3                              1EB4     1EB4       37         0
                text2                               414      414      180         0
                text1                              1461     1461       7A         0
                maintext                           1CCC     1CCC       17         0
                inittext                           1C2A     1C2A        C         0
                clrtext                            1C36     1C36        C         0
                cinit                              1322     1322       63         0
                idataBANK6                         1DC7     1DC7       20         0
                idataBANK3                         1CE3     1CE3       1A         0
                idataBANK2                         1C42     1C42        E         0

        CLASS   STRCODE        

        CLASS   ENTRY          

        CLASS   STRING         
                strings                             800      800       AF         0

        CLASS   COMMON         
                cstackCOMMON                         70       70        E         1

        CLASS   BANK0          
                cstackBANK0                          50       50       18         1
                bssBANK0                             68       68        8         1

        CLASS   BANK1          
                cstackBANK1                          A0       A0       4E         1
                bssBANK1                             EE       EE        2         1

        CLASS   BANK2          
                cstackBANK2                         166      166        8         1
                dataBANK2                           158      158        E         1
                bssBANK2                            120      120       38         1
                nvBANK2                             16E      16E        2         1

        CLASS   BANK3          
                dataBANK3                           1D0      1D0       1A         1
                bssBANK3                            1A0      1A0       30         1
                nvBANK3                             1EA      1EA        1         1

        CLASS   BANK4          

        CLASS   BANK5          

        CLASS   BANK6          
                dataBANK6                           340      340       20         1
                bssBANK6                            320      320       20         1

        CLASS   BANK7          

        CLASS   BANK8          

        CLASS   BANK9          

        CLASS   BANK10         

        CLASS   BANK11         

        CLASS   BANK12         

        CLASS   BIGRAM         

        CLASS   RAM            

        CLASS   ABS1           
                abs_s1                               20       20       30         1
                abs_s1                               7E       7E        2         1
                abs_s1                              220      220       40         1
                abs_s1                              2A0      2A0       40         1
                abs_s1                              53C      53C       34         1
                abs_s1                              5A0      5A0       50         1
                abs_s1                              620      620       30         1
                abs_s1                             233C     233C        0         1

        CLASS   SFR0           

        CLASS   SFR1           

        CLASS   SFR2           

        CLASS   SFR3           

        CLASS   SFR4           

        CLASS   SFR5           

        CLASS   SFR6           

        CLASS   SFR7           

        CLASS   SFR8           

        CLASS   SFR9           

        CLASS   SFR10          

        CLASS   SFR11          

        CLASS   SFR12          

        CLASS   SFR13          

        CLASS   SFR14          

        CLASS   SFR15          

        CLASS   SFR16          

        CLASS   SFR17          

        CLASS   SFR18          

        CLASS   SFR19          

        CLASS   SFR20          

        CLASS   SFR21          

        CLASS   SFR22          

        CLASS   SFR23          

        CLASS   SFR24          

        CLASS   SFR25          

        CLASS   SFR26          

        CLASS   SFR27          

        CLASS   SFR28          

        CLASS   SFR29          

        CLASS   SFR30          

        CLASS   SFR31          

        CLASS   CONFIG         
                config                             8007     8007        2         0

        CLASS   IDLOC          

        CLASS   BANK31         

        CLASS   BANK30         

        CLASS   BANK29         

        CLASS   BANK28         

        CLASS   BANK27         

        CLASS   BANK26         

        CLASS   BANK25         

        CLASS   BANK24         

        CLASS   BANK23         

        CLASS   BANK22         

        CLASS   BANK21         

        CLASS   BANK20         

        CLASS   BANK19         

        CLASS   BANK18         

        CLASS   BANK17         

        CLASS   BANK16         

        CLASS   BANK15         

        CLASS   BANK14         

        CLASS   BANK13         

        CLASS   EEDATA         



SEGMENTS        Name                           Load    Length   Top    Selector   Space  Class     Delta

                reset_vec                      000000  000003  000003         0       0  CODE        2
                text55                         000003  000001  000004         6       0  CODE        2
                intentry                       000004  0007FC  000800         8       0  CODE        2
                cstackBANK0                    000050  000020  000070        50       1  BANK0       1
                cstackCOMMON                   000070  00000E  00007E        70       1  COMMON      1
                cstackBANK1                    0000A0  000050  0000F0        A0       1  BANK1       1
                bssBANK2                       000120  000050  000170       120       1  BANK2       1
                bssBANK3                       0001A0  00004B  0001EB       1A0       1  BANK3       1
                bssBANK6                       000320  000040  000360       320       1  BANK6       1
                strings                        000800  0000AF  0008AF      1000       0  STRING      2
                text64                         0008AF  000011  0008C0      115E       0  CODE        2
                text63                         0008C0  000093  000953      1180       0  CODE        2
                text10                         000953  000094  0009E7      12A6       0  CODE        2
                text60                         0009E7  0000A8  000A8F      13CE       0  CODE        2
                text33                         000A8F  0000A8  000B37      151E       0  CODE        2
                text4                          000B37  0000A9  000BE0      166E       0  CODE        2
                text11                         000BE0  0000AC  000C8C      17C0       0  CODE        2
                text18                         000C8C  0000B7  000D43      1918       0  CODE        2
                text25                         000D43  0000C2  000E05      1A86       0  CODE        2
                text29                         000E05  0000F7  000EFC      1C0A       0  CODE        2
                text26                         000EFC  000105  001001      1DF8       0  CODE        2
                text57                         001001  000001  001002      2002       0  CODE        2
                text34                         001002  00004F  001051      2004       0  CODE        2
                text42                         001051  000050  0010A1      20A2       0  CODE        2
                text37                         0010A1  000053  0010F4      2142       0  CODE        2
                text19                         0010F4  000054  001148      21E8       0  CODE        2
                text62                         001148  00005B  0011A3      2290       0  CODE        2
                text20                         0011A3  00005D  001200      2346       0  CODE        2
                text35                         001200  00005E  00125E      2400       0  CODE        2
                text28                         00125E  000061  0012BF      24BC       0  CODE        2
                text31                         0012BF  000063  001322      257E       0  CODE        2
                cinit                          001322  000063  001385      2644       0  CODE        2
                text44                         001385  000064  0013E9      270A       0  CODE        2
                text41                         0013E9  000078  001461      27D2       0  CODE        2
                text1                          001461  00007A  0014DB      28C2       0  CODE        2
                text30                         0014DB  00007C  001557      29B6       0  CODE        2
                text38                         001557  00007F  0015D6      2AAE       0  CODE        2
                text6                          0015D6  000086  00165C      2BAC       0  CODE        2
                text23                         00165C  000087  0016E3      2CB8       0  CODE        2
                text43                         0016E3  00008E  001771      2DC6       0  CODE        2
                text39                         001771  00008F  001800      2EE2       0  CODE        2
                swtext1                        001800  00001A  00181A      3000       0  CONST       2
                text59                         001C26  000001  001C27      384C       0  CODE        2
                text54                         001C27  000003  001C2A      384E       0  CODE        2
                inittext                       001C2A  00000C  001C36      3854       0  CODE        2
                clrtext                        001C36  00000C  001C42      386C       0  CODE        2
                idataBANK2                     001C42  00000E  001C50      3884       0  CODE        2
                text5                          001C50  000012  001C62      38A0       0  CODE        2
                text14                         001C62  000013  001C75      38C4       0  CODE        2
                text13                         001C75  000013  001C88      38EA       0  CODE        2
                text15                         001C88  000016  001C9E      3910       0  CODE        2
                text16                         001C9E  000017  001CB5      393C       0  CODE        2
                text12                         001CB5  000017  001CCC      396A       0  CODE        2
                maintext                       001CCC  000017  001CE3      3998       0  CODE        2
                idataBANK3                     001CE3  00001A  001CFD      39C6       0  CODE        2
                text47                         001CFD  00001B  001D18      39FA       0  CODE        2
                text49                         001D18  00001C  001D34      3A30       0  CODE        2
                text46                         001D34  00001C  001D50      3A68       0  CODE        2
                text17                         001D50  00001C  001D6C      3AA0       0  CODE        2
                text65                         001D6C  00001D  001D89      3AD8       0  CODE        2
                text7                          001D89  00001E  001DA7      3B12       0  CODE        2
                text40                         001DA7  000020  001DC7      3B4E       0  CODE        2
                idataBANK6                     001DC7  000020  001DE7      3B8E       0  CODE        2
                text45                         001DE7  000022  001E09      3BCE       0  CODE        2
                text27                         001E09  000022  001E2B      3C12       0  CODE        2
                text51                         001E2B  000025  001E50      3C56       0  CODE        2
                text32                         001E50  00002D  001E7D      3CA0       0  CODE        2
                text9                          001E7D  000037  001EB4      3CFA       0  CODE        2
                text3                          001EB4  000037  001EEB      3D68       0  CODE        2
                text48                         001EEB  00003F  001F2A      3DD6       0  CODE        2
                text52                         001F2A  000040  001F6A      3E54       0  CODE        2
                text21                         001F6A  000048  001FB2      3ED4       0  CODE        2
                text50                         001FB2  00004E  002000      3F64       0  CODE        2
                config                         008007  000002  008009     1000E       0  CONFIG      2


UNUSED ADDRESS RANGES

        Name                Unused          Largest block    Delta
        BANK10           00520-0053B              1C           1
        BANK3            001EB-001EF               5           1
        BANK4            00260-0026F              10           1
        BANK5            002E0-002EF              10           1
        BANK6            00360-0036F              10           1
        BANK7            003A0-003EF              50           1
        BANK8            00420-0046F              50           1
        BANK9            004A0-004EF              50           1
        BIGRAM           02000-023EF             3F0           1
        CODE             0181A-01C25             40C           2
        CONST            0181A-01C25             100           2
        ENTRY            0181A-01C25             100           2
        IDLOC            08000-08003               4           2
        RAM              001EB-001EF               5           1
                         00260-0026F              10
                         002E0-002EF              10
                         00360-0036F              10
                         003A0-003EF              50
                         00420-0046F              50
                         004A0-004EF              50
                         00520-0053B              1C
        SFR0             00000-0001F              20           1
        SFR1             00080-0009F              20           1
        SFR10            00500-0051F              20           1
        SFR11            00580-0059F              20           1
        SFR12            00600-0061F              20           1
        SFR13            00680-006EF              70           1
        SFR14            00700-0076F              70           1
        SFR15            00780-007EF              70           1
        SFR16            00800-0086F              70           1
        SFR17            00880-008EF              70           1
        SFR18            00900-0096F              70           1
        SFR19            00980-009EF              70           1
        SFR2             00100-0011F              20           1
        SFR20            00A00-00A6F              70           1
        SFR21            00A80-00AEF              70           1
        SFR22            00B00-00B6F              70           1
        SFR23            00B80-00BEF              70           1
        SFR24            00C00-00C6F              70           1
        SFR25            00C80-00CEF              70           1
        SFR26            00D00-00D6F              70           1
        SFR27            00D80-00DEF              70           1
        SFR28            00E00-00E6F              70           1
        SFR29            00E80-00EEF              70           1
        SFR3             00180-0019F              20           1
        SFR30            00F00-00F6F              70           1
        SFR31            00F80-00FEF              70           1
        SFR4             00200-0021F              20           1
        SFR5             00280-0029F              20           1
        SFR6             00300-0031F              20           1
        SFR7             00380-0039F              20           1
        SFR8             00400-0041F              20           1
        SFR9             00480-0049F              20           1
        STRCODE          0181A-01C25             40C           2
        STRING           0181A-01C25             100           2

                                  Symbol Table

?_AsicPreCalc                             cstackBANK1  000A0
?_SendAsicData                            cstackBANK0  0005E
?_SendCmdReply                            cstackBANK0  0005E
?_USBConfigureEndpoint                    cstackBANK0  00058
?_USBEnableEndpoint                       cstackBANK0  0005F
?_USBTransferOnePacket                    cstackBANK0  0005C
?_USER_USB_CALLBACK_EVENT_HANDLER         cstackBANK1  000A0
?___awdiv                                 cstackBANK0  00058
?___awmod                                 cstackBANK0  00058
?___awtoft                                cstackBANK0  00060
?___bmul                                  cstackBANK0  00058
?___ftadd                                 cstackBANK1  000B3
?___ftmul                                 cstackBANK1  000A0
?___ftneg                                 cstackBANK1  000B0
?___ftpack                                cstackBANK0  00058
?___fttol                                 cstackBANK1  000C0
?___lwdiv                                 cstackBANK0  00058
?___wmul                                  cstackBANK0  00058
?_memset                                  cstackBANK0  00058
?_rotate                                  cstackBANK0  00058
?i1_SendCmdReply                          cstackCOMMON 00076
?i1___bmul                                cstackCOMMON 00070
?i1___wmul                                cstackCOMMON 00070
AsicPreCalc@F3347                         dataBANK3    001D0
AsicPreCalc@K                             cstackBANK1  000AC
AsicPreCalc@m                             cstackBANK1  000B8
AsicPreCalc@n                             cstackBANK1  000E4
AsicPreCalc@work                          cstackBANK1  000A0
AsicPreCalc@x                             cstackBANK1  000E0
AsicPreCalc@y                             cstackBANK1  000DC
AsicPreCalc@z                             cstackBANK1  000D8
DetectAsics@x                             cstackBANK1  000A2
ProcessCmd@cmd                            cstackBANK0  00067
SendAsicData@work                         cstackBANK0  0005E
SendCmdReply@cmd                          cstackBANK0  0005E
SendCmdReply@count                        cstackBANK0  00062
SendCmdReply@data                         cstackBANK0  00060
SendCmdReply@n                            cstackBANK0  00063
USBCBSendResume@delay_count               bssBANK2     00126
USBConfigureEndpoint@EPNum                cstackBANK0  0005D
USBConfigureEndpoint@direction            cstackBANK0  00058
USBConfigureEndpoint@handle               cstackBANK0  0005E
USBCtrlEPService@setup_cnt                cstackBANK1  000B1
USBCtrlTrfInHandler@lastDTS               cstackBANK0  0005D
USBCtrlTrfRxService@byteToRead            cstackBANK0  0005D
USBCtrlTrfRxService@i                     cstackBANK0  0005C
USBCtrlTrfTxService@byteToSend            cstackBANK0  0005A
USBDeviceInit@i                           cstackBANK0  0005D
USBDeviceInit@i_718                       cstackBANK0  0005C
USBDeviceInit@p                           cstackBANK0  0005A
USBDeviceTasks@i                          cstackBANK1  000B4
USBEnableEndpoint@ep                      cstackBANK0  00064
USBEnableEndpoint@options                 cstackBANK0  0005F
USBEnableEndpoint@p                       cstackBANK0  00062
USBStdFeatureReqHandler@current_ep_data   cstackBANK1  000AA
USBStdFeatureReqHandler@p                 cstackBANK1  000AB
USBStdFeatureReqHandler@pUEP              cstackBANK1  000A8
USBStdGetStatusHandler@p                  cstackBANK0  00059
USBStdSetCfgHandler@i                     cstackBANK1  000AA
USBStdSetCfgHandler@i_1089                cstackBANK1  000A9
USBStdSetCfgHandler@p                     cstackBANK1  000A7
USBTransferOnePacket@data                 cstackBANK0  0005D
USBTransferOnePacket@dir                  cstackBANK0  0005C
USBTransferOnePacket@ep                   cstackBANK0  00061
USBTransferOnePacket@handle               cstackBANK0  00062
USBTransferOnePacket@len                  cstackBANK0  0005E
USER_USB_CALLBACK_EVENT_HANDLER@event     cstackBANK1  000A0
_ACTCON                                   (abs)        0039B
_ADCON0bits                               (abs)        0009D
_ADCON1bits                               (abs)        0009E
_ADCON2bits                               (abs)        0009F
_ADRESH                                   (abs)        0009C
_ANSELA                                   (abs)        0018C
_ANSELB                                   (abs)        0018D
_ANSELBbits                               (abs)        0018D
_ANSELC                                   (abs)        0018E
_AsicPreCalc                              text8        00014
_AsicPushWork                             text6        015D6
_BAUDCONbits                              (abs)        0019F
_BDT                                      (abs)        00020
_BankRanges                               dataBANK6    00340
_BankSize                                 nvBANK2      0016F
_BothEP0OutUOWNsSet                       bssBANK2     00132
_Cfg                                      dataBANK3    001E4
_ClockCfg                                 dataBANK3    001DC
_CtrlTrfData                              (abs)        00048
_DetectAsics                              text18       00C8C
_DetectAsics$2868                         cstackBANK1  000A0
_Error                                    bssBANK2     00152
_FanLevel                                 nvBANK2      0016E
_GIE                                      (abs)        0005F
_HashTime                                 dataBANK2    00158
_I2CAddr                                  bssBANK2     00133
_I2CCmd                                   bssBANK0     0006A
_I2CCount                                 bssBANK2     00134
_I2CInBuf                                 bssBANK2     00135
_I2CState                                 bssBANK2     00136
_ID                                       strings      0089F
_INPacket                                 (abs)        00220
_INTCONbits                               (abs)        0000B
_IOCAF3                                   (abs)        01C9B
_IOCBF                                    (abs)        00396
_IOCBPbits                                (abs)        00394
_ISRCode                                  intentry     00004
_InitFAN                                  text17       01D50
_InitResultRx                             text14       01C62
_InitTempSensor                           text16       01C9E
_InitWorkTick                             text15       01C88
_InitializeSystem                         text12       01CB5
_LATAbits                                 (abs)        0010C
_LATC                                     (abs)        0010E
_LATCbits                                 (abs)        0010E
_LastError                                bssBANK3     001B0
_LastTemp                                 bssBANK2     00137
_NonceRanges                              bssBANK6     00320
_OPTION_REGbits                           (abs)        00095
_OSCCON                                   (abs)        00099
_OSCTUNE                                  (abs)        00098
_OUTPacket                                (abs)        002A0
_PIE2bits                                 (abs)        00092
_PIR2bits                                 (abs)        00012
_PR2                                      (abs)        0001B
_PWM1CON                                  (abs)        00613
_PWM1DCH                                  (abs)        00612
_PWM1DCL                                  (abs)        00611
_PWM1OE                                   (abs)        0309E
_PrecalcHashes                            bssBANK3     001B2
_ProcessCmd                               text2        00414
_ProcessCmd$2058                          cstackBANK0  00065
_ProcessIO                                text1        01461
_ProcessIO$2376                           cstackBANK2  0016A
_ProcessIO$2410                           cstackBANK2  0016C
_RCIF                                     (abs)        0008D
_RCREG                                    (abs)        00199
_RCSTAbits                                (abs)        0019D
_RemoteWakeup                             bssBANK2     00138
_ResultQC                                 bssBANK2     00139
_ResultQue                                bssBANK3     001CA
_ResultRx                                 text62       01148
_SSP1EN                                   (abs)        010AD
_SSP1IF                                   (abs)        0008B
_SSPADD                                   (abs)        00212
_SSPBUF                                   (abs)        00211
_SSPCON1bits                              (abs)        00215
_SSPCON2bits                              (abs)        00216
_SSPCON3bits                              (abs)        00217
_SSPSTATbits                              (abs)        00214
_Send32                                   text11       00BE0
_SendAsicData                             text10       00953
_SendCmdReply                             text4        00B37
_SetupPkt                                 (abs)        00040
_SlaveAddress                             bssBANK2     0013A
_SlowTick                                 bssBANK2     0013B
_Status                                   dataBANK2    00159
_Step                                     bssBANK2     00128
_T1CONbits                                (abs)        00018
_T1GCONbits                               (abs)        00019
_T1GSPM                                   (abs)        000CC
_T2CONbits                                (abs)        0001C
_TMR0                                     (abs)        00015
_TMR0CS                                   (abs)        004AD
_TMR0IF                                   (abs)        0005A
_TMR1GE                                   (abs)        000CF
_TMR1GIE                                  (abs)        0048F
_TMR1GIF                                  (abs)        0008F
_TMR1H                                    (abs)        00017
_TMR1IE                                   (abs)        00488
_TMR1IF                                   (abs)        00088
_TMR1L                                    (abs)        00016
_TMR1ON                                   (abs)        000C0
_TMR2IF                                   (abs)        00089
_TMR2ON                                   (abs)        000E2
_TRISAbits                                (abs)        0008C
_TRISBbits                                (abs)        0008D
_TRISCbits                                (abs)        0008E
_TXSTAbits                                (abs)        0019E
_TempTarget                               nvBANK3      001EA
_TimeOut                                  bssBANK2     0013C
_UADDR                                    (abs)        00E96
_UCFG                                     (abs)        00E91
_UCON                                     (abs)        00E8E
_UCONbits                                 (abs)        00E8E
_UEIE                                     (abs)        00E97
_UEIR                                     (abs)        00E93
_UEP0                                     (abs)        00E98
_UEP0bits                                 (abs)        00E98
_UEP1                                     (abs)        00E99
_UIE                                      (abs)        00E92
_UIEbits                                  (abs)        00E92
_UIR                                      (abs)        00E90
_UIRbits                                  (abs)        00E90
_USBActiveConfiguration                   bssBANK2     00154
_USBAlternateInterface                    bssBANK2     00155
_USBBusIsSuspended                        bssBANK2     0013D
_USBCBCheckOtherReq                       text54       01C27
_USBCBErrorHandler                        text56       00002
_USBCBInitEP                              text49       01D18
_USBCBStdSetDscHandler                    text53       007FF
_USBCBSuspend                             text59       01C26
_USBCBWakeFromSuspend                     text58       01000
_USBCB_SOF_Handler                        text57       01001
_USBCheckStdRequest                       text35       01200
_USBCheckVendorRequest                    text55       00003
_USBConfigureEndpoint                     text52       01F2A
_USBCtrlEPAllowDataStage                  text42       01051
_USBCtrlEPAllowStatusStage                text44       01385
_USBCtrlEPService                         text30       014DB
_USBCtrlEPServiceComplete                 text41       013E9
_USBCtrlTrfInHandler                      text31       012BF
_USBCtrlTrfOutHandler                     text32       01E50
_USBCtrlTrfRxService                      text33       00A8F
_USBCtrlTrfSetupHandler                   text34       01002
_USBCtrlTrfTxService                      text43       016E3
_USBDeferINDataStagePackets               bssBANK2     0013E
_USBDeferOUTDataStagePackets              bssBANK2     0013F
_USBDeferStatusStagePacket                bssBANK0     0006B
_USBDeviceInit                            text60       009E7
_USBDeviceState                           bssBANK1     000EE
_USBDeviceTasks                           text29       00E05
_USBEnableEndpoint                        text51       01E2B
_USBGenericInHandle                       bssBANK2     00140
_USBGenericOutHandle                      bssBANK2     00141
_USBStallHandler                          text45       01DE7
_USBStatusStageEnabledFlag1               bssBANK2     00142
_USBStatusStageEnabledFlag2               bssBANK2     00143
_USBStatusStageTimeoutCounter             bssBANK2     00144
_USBStdFeatureReqHandler                  text36       006DB
_USBStdGetDscHandler                      text38       01557
_USBStdGetStatusHandler                   text37       010A1
_USBStdSetCfgHandler                      text39       01771
_USBSuspend                               text46       01D34
_USBTransferOnePacket                     text50       01FB2
_USBWakeFromSuspend                       text47       01CFD
_USB_CD_Ptr                               strings      00804
_USB_SD_Ptr                               strings      00801
_USER_USB_CALLBACK_EVENT_HANDLER          text48       01EEB
_USTAT                                    (abs)        00E8F
_USTATcopy                                bssBANK1     000EF
_UpdateFanLevel                           text22       00594
_UpdateFanLevel$2869                      cstackBANK1  000D2
_UserInit                                 text13       01C75
_VerySlowTick                             bssBANK2     00145
_WQI                                      bssBANK2     00156
_WQX                                      bssBANK2     00157
_WorkNow                                  bssBANK2     00146
_WorkQue                                  (abs)        0233C
_WorkTick                                 text20       011A3
__CFG_CPUDIV$NOCLKDIV                     (abs)        00000
__CFG_FCMEN$OFF                           (abs)        00000
__CFG_FOSC$INTOSC                         (abs)        00000
__CFG_IESO$OFF                            (abs)        00000
__CFG_LVP$OFF                             (abs)        00000
__CFG_MCLRE$OFF                           (abs)        00000
__CFG_PWRTE$ON                            (abs)        00000
__CFG_WDTE$OFF                            (abs)        00000
__Habs1                                   abs1         00000
__Hbank0                                  bank0        00000
__Hbank1                                  bank1        00000
__Hbank10                                 bank10       00000
__Hbank11                                 bank11       00000
__Hbank12                                 bank12       00000
__Hbank13                                 bank13       00000
__Hbank14                                 bank14       00000
__Hbank15                                 bank15       00000
__Hbank16                                 bank16       00000
__Hbank17                                 bank17       00000
__Hbank18                                 bank18       00000
__Hbank19                                 bank19       00000
__Hbank2                                  bank2        00000
__Hbank20                                 bank20       00000
__Hbank21                                 bank21       00000
__Hbank22                                 bank22       00000
__Hbank23                                 bank23       00000
__Hbank24                                 bank24       00000
__Hbank25                                 bank25       00000
__Hbank26                                 bank26       00000
__Hbank27                                 bank27       00000
__Hbank28                                 bank28       00000
__Hbank29                                 bank29       00000
__Hbank3                                  bank3        00000
__Hbank30                                 bank30       00000
__Hbank31                                 bank31       00000
__Hbank4                                  bank4        00000
__Hbank5                                  bank5        00000
__Hbank6                                  bank6        00000
__Hbank7                                  bank7        00000
__Hbank8                                  bank8        00000
__Hbank9                                  bank9        00000
__Hbigram                                 bigram       00000
__HbssBANK0                               bssBANK0     00000
__HbssBANK1                               bssBANK1     00000
__HbssBANK2                               bssBANK2     00000
__HbssBANK3                               bssBANK3     00000
__HbssBANK6                               bssBANK6     00000
__Hcinit                                  cinit        00000
__Hclrtext                                clrtext      00000
__Hcode                                   code         00000
__Hcommon                                 common       00000
__Hconfig                                 config       08009
__HcstackBANK0                            cstackBANK0  00000
__HcstackBANK1                            cstackBANK1  00000
__HcstackBANK2                            cstackBANK2  00000
__HcstackCOMMON                           cstackCOMMON 00000
__HdataBANK2                              dataBANK2    00000
__HdataBANK3                              dataBANK3    00000
__HdataBANK6                              dataBANK6    00000
__Heeprom_data                            eeprom_data  00000
__Hend_init                               end_init     00014
__Hfunctab                                functab      00000
__HidataBANK2                             idataBANK2   00000
__HidataBANK3                             idataBANK3   00000
__HidataBANK6                             idataBANK6   00000
__Hidloc                                  idloc        00000
__Hinit                                   init         00012
__Hinittext                               inittext     00000
__Hintentry                               intentry     00012
__Hmaintext                               maintext     00000
__HnvBANK2                                nvBANK2      00000
__HnvBANK3                                nvBANK3      00000
__Hpowerup                                powerup      00000
__Hram                                    ram          00000
__Hreset_vec                              reset_vec    00002
__Hsfr0                                   sfr0         00000
__Hsfr1                                   sfr1         00000
__Hsfr10                                  sfr10        00000
__Hsfr11                                  sfr11        00000
__Hsfr12                                  sfr12        00000
__Hsfr13                                  sfr13        00000
__Hsfr14                                  sfr14        00000
__Hsfr15                                  sfr15        00000
__Hsfr16                                  sfr16        00000
__Hsfr17                                  sfr17        00000
__Hsfr18                                  sfr18        00000
__Hsfr19                                  sfr19        00000
__Hsfr2                                   sfr2         00000
__Hsfr20                                  sfr20        00000
__Hsfr21                                  sfr21        00000
__Hsfr22                                  sfr22        00000
__Hsfr23                                  sfr23        00000
__Hsfr24                                  sfr24        00000
__Hsfr25                                  sfr25        00000
__Hsfr26                                  sfr26        00000
__Hsfr27                                  sfr27        00000
__Hsfr28                                  sfr28        00000
__Hsfr29                                  sfr29        00000
__Hsfr3                                   sfr3         00000
__Hsfr30                                  sfr30        00000
__Hsfr31                                  sfr31        00000
__Hsfr4                                   sfr4         00000
__Hsfr5                                   sfr5         00000
__Hsfr6                                   sfr6         00000
__Hsfr7                                   sfr7         00000
__Hsfr8                                   sfr8         00000
__Hsfr9                                   sfr9         00000
__Hstrings                                strings      00000
__Htext                                   text         00000
__Labs1                                   abs1         00000
__Lbank0                                  bank0        00000
__Lbank1                                  bank1        00000
__Lbank10                                 bank10       00000
__Lbank11                                 bank11       00000
__Lbank12                                 bank12       00000
__Lbank13                                 bank13       00000
__Lbank14                                 bank14       00000
__Lbank15                                 bank15       00000
__Lbank16                                 bank16       00000
__Lbank17                                 bank17       00000
__Lbank18                                 bank18       00000
__Lbank19                                 bank19       00000
__Lbank2                                  bank2        00000
__Lbank20                                 bank20       00000
__Lbank21                                 bank21       00000
__Lbank22                                 bank22       00000
__Lbank23                                 bank23       00000
__Lbank24                                 bank24       00000
__Lbank25                                 bank25       00000
__Lbank26                                 bank26       00000
__Lbank27                                 bank27       00000
__Lbank28                                 bank28       00000
__Lbank29                                 bank29       00000
__Lbank3                                  bank3        00000
__Lbank30                                 bank30       00000
__Lbank31                                 bank31       00000
__Lbank4                                  bank4        00000
__Lbank5                                  bank5        00000
__Lbank6                                  bank6        00000
__Lbank7                                  bank7        00000
__Lbank8                                  bank8        00000
__Lbank9                                  bank9        00000
__Lbigram                                 bigram       00000
__LbssBANK0                               bssBANK0     00000
__LbssBANK1                               bssBANK1     00000
__LbssBANK2                               bssBANK2     00000
__LbssBANK3                               bssBANK3     00000
__LbssBANK6                               bssBANK6     00000
__Lcinit                                  cinit        00000
__Lclrtext                                clrtext      00000
__Lcode                                   code         00000
__Lcommon                                 common       00000
__Lconfig                                 config       08007
__LcstackBANK0                            cstackBANK0  00000
__LcstackBANK1                            cstackBANK1  00000
__LcstackBANK2                            cstackBANK2  00000
__LcstackCOMMON                           cstackCOMMON 00000
__LdataBANK2                              dataBANK2    00000
__LdataBANK3                              dataBANK3    00000
__LdataBANK6                              dataBANK6    00000
__Leeprom_data                            eeprom_data  00000
__Lend_init                               end_init     00012
__Lfunctab                                functab      00000
__LidataBANK2                             idataBANK2   00000
__LidataBANK3                             idataBANK3   00000
__LidataBANK6                             idataBANK6   00000
__Lidloc                                  idloc        00000
__Linit                                   init         00012
__Linittext                               inittext     00000
__Lintentry                               intentry     00004
__Lmaintext                               maintext     00000
__LnvBANK2                                nvBANK2      00000
__LnvBANK3                                nvBANK3      00000
__Lpowerup                                powerup      00000
__Lram                                    ram          00000
__Lreset_vec                              reset_vec    00000
__Lsfr0                                   sfr0         00000
__Lsfr1                                   sfr1         00000
__Lsfr10                                  sfr10        00000
__Lsfr11                                  sfr11        00000
__Lsfr12                                  sfr12        00000
__Lsfr13                                  sfr13        00000
__Lsfr14                                  sfr14        00000
__Lsfr15                                  sfr15        00000
__Lsfr16                                  sfr16        00000
__Lsfr17                                  sfr17        00000
__Lsfr18                                  sfr18        00000
__Lsfr19                                  sfr19        00000
__Lsfr2                                   sfr2         00000
__Lsfr20                                  sfr20        00000
__Lsfr21                                  sfr21        00000
__Lsfr22                                  sfr22        00000
__Lsfr23                                  sfr23        00000
__Lsfr24                                  sfr24        00000
__Lsfr25                                  sfr25        00000
__Lsfr26                                  sfr26        00000
__Lsfr27                                  sfr27        00000
__Lsfr28                                  sfr28        00000
__Lsfr29                                  sfr29        00000
__Lsfr3                                   sfr3         00000
__Lsfr30                                  sfr30        00000
__Lsfr31                                  sfr31        00000
__Lsfr4                                   sfr4         00000
__Lsfr5                                   sfr5         00000
__Lsfr6                                   sfr6         00000
__Lsfr7                                   sfr7         00000
__Lsfr8                                   sfr8         00000
__Lsfr9                                   sfr9         00000
__Lstrings                                strings      00000
__Ltext                                   text         00000
__S0                                      (abs)        08009
__S1                                      (abs)        00360
___awdiv                                  text19       010F4
___awdiv@counter                          cstackBANK0  0005D
___awdiv@dividend                         cstackBANK0  0005A
___awdiv@divisor                          cstackBANK0  00058
___awdiv@quotient                         cstackBANK0  0005F
___awdiv@sign                             cstackBANK0  0005E
___awmod                                  text21       01F6A
___awmod@counter                          cstackBANK0  0005D
___awmod@dividend                         cstackBANK0  0005A
___awmod@divisor                          cstackBANK0  00058
___awmod@sign                             cstackBANK0  0005E
___awtoft                                 text27       01E09
___awtoft@c                               cstackBANK0  00060
___awtoft@sign                            cstackBANK0  00065
___bmul                                   text5        01C50
___bmul@multiplicand                      cstackBANK0  00058
___bmul@multiplier                        cstackBANK0  0005B
___bmul@product                           cstackBANK0  0005A
___ftadd                                  text26       00EFC
___ftadd@exp1                             cstackBANK1  000BF
___ftadd@exp2                             cstackBANK1  000BE
___ftadd@f1                               cstackBANK1  000B3
___ftadd@f2                               cstackBANK1  000B6
___ftadd@sign                             cstackBANK1  000BD
___ftmul                                  text25       00D43
___ftmul@cntr                             cstackBANK1  000AE
___ftmul@exp                              cstackBANK1  000AA
___ftmul@f1                               cstackBANK1  000A0
___ftmul@f2                               cstackBANK1  000A3
___ftmul@f3_as_product                    cstackBANK1  000AB
___ftmul@sign                             cstackBANK1  000AF
___ftneg                                  text24       007F6
___ftneg@f1                               cstackBANK1  000B0
___ftpack                                 text28       0125E
___ftpack@arg                             cstackBANK0  00058
___ftpack@exp                             cstackBANK0  0005B
___ftpack@sign                            cstackBANK0  0005C
___fttol                                  text23       0165C
___fttol@exp1                             cstackBANK1  000CD
___fttol@f1                               cstackBANK1  000C0
___fttol@lval                             cstackBANK1  000C9
___fttol@sign1                            cstackBANK1  000C8
___latbits                                (abs)        00002
___lwdiv                                  text3        01EB4
___lwdiv@counter                          cstackBANK0  0005D
___lwdiv@dividend                         cstackBANK0  0005A
___lwdiv@divisor                          cstackBANK0  00058
___lwdiv@quotient                         cstackBANK0  0005E
___wmul                                   text7        01D89
___wmul@multiplicand                      cstackBANK0  0005A
___wmul@multiplier                        cstackBANK0  00058
___wmul@product                           cstackBANK0  0005C
__end_of_AsicPreCalc                      text8        00414
__end_of_AsicPushWork                     text6        0165C
__end_of_DetectAsics                      text18       00D43
__end_of_ID                               strings      008AB
__end_of_ISRCode                          intentry     00012
__end_of_InitFAN                          text17       01D6C
__end_of_InitResultRx                     text14       01C75
__end_of_InitTempSensor                   text16       01CB5
__end_of_InitWorkTick                     text15       01C9E
__end_of_InitializeSystem                 text12       01CCC
__end_of_ProcessCmd                       text2        00594
__end_of_ProcessIO                        text1        014DB
__end_of_ResultRx                         text62       011A3
__end_of_Send32                           text11       00C8C
__end_of_SendAsicData                     text10       009E7
__end_of_SendCmdReply                     text4        00BE0
__end_of_USBCBCheckOtherReq               text54       01C2A
__end_of_USBCBErrorHandler                text56       00003
__end_of_USBCBInitEP                      text49       01D34
__end_of_USBCBStdSetDscHandler            text53       00800
__end_of_USBCBSuspend                     text59       01C27
__end_of_USBCBWakeFromSuspend             text58       01001
__end_of_USBCB_SOF_Handler                text57       01002
__end_of_USBCheckStdRequest               text35       0125E
__end_of_USBCheckVendorRequest            text55       00004
__end_of_USBConfigureEndpoint             text52       01F6A
__end_of_USBCtrlEPAllowDataStage          text42       010A1
__end_of_USBCtrlEPAllowStatusStage        text44       013E9
__end_of_USBCtrlEPService                 text30       01557
__end_of_USBCtrlEPServiceComplete         text41       01461
__end_of_USBCtrlTrfInHandler              text31       01322
__end_of_USBCtrlTrfOutHandler             text32       01E7D
__end_of_USBCtrlTrfRxService              text33       00B37
__end_of_USBCtrlTrfSetupHandler           text34       01051
__end_of_USBCtrlTrfTxService              text43       01771
__end_of_USBDeviceInit                    text60       00A8F
__end_of_USBDeviceTasks                   text29       00EFC
__end_of_USBEnableEndpoint                text51       01E50
__end_of_USBStallHandler                  text45       01E09
__end_of_USBStdFeatureReqHandler          text36       007F6
__end_of_USBStdGetDscHandler              text38       015D6
__end_of_USBStdGetStatusHandler           text37       010F4
__end_of_USBStdSetCfgHandler              text39       01800
__end_of_USBSuspend                       text46       01D50
__end_of_USBTransferOnePacket             text50       02000
__end_of_USBWakeFromSuspend               text47       01D18
__end_of_USB_CD_Ptr                       strings      00805
__end_of_USB_SD_Ptr                       strings      00804
__end_of_USER_USB_CALLBACK_EVENT_HANDLER  text48       01F2A
__end_of_UpdateFanLevel                   text22       006DB
__end_of_UserInit                         text13       01C88
__end_of_WorkTick                         text20       01200
__end_of___awdiv                          text19       01148
__end_of___awmod                          text21       01FB2
__end_of___awtoft                         text27       01E2B
__end_of___bmul                           text5        01C62
__end_of___ftadd                          text26       01000
__end_of___ftmul                          text25       00E05
__end_of___ftneg                          text24       007FF
__end_of___ftpack                         text28       012BF
__end_of___fttol                          text23       016E3
__end_of___lwdiv                          text3        01EEB
__end_of___wmul                           text7        01DA7
__end_of__initialization                  cinit        01382
__end_of__stringtab                       strings      00801
__end_of_configDescriptor1                strings      0088D
__end_of_device_dsc                       strings      0089F
__end_of_main                             maintext     01CE3
__end_of_memset                           text40       01DC7
__end_of_rotate                           text9        01EB4
__end_of_sd000                            strings      008AF
__end_of_sd001                            strings      00839
__end_of_sd002                            strings      0086D
__end_ofi1_SendCmdReply                   text63       00953
__end_ofi1___bmul                         text64       008C0
__end_ofi1___wmul                         text65       01D89
__initialization                          cinit        01322
__pbssBANK0                               bssBANK0     00068
__pbssBANK1                               bssBANK1     000EE
__pbssBANK2                               bssBANK2     00120
__pbssBANK3                               bssBANK3     001A0
__pbssBANK6                               bssBANK6     00320
__pbssBIGRAM                              (abs)        0233C
__pcstackBANK0                            cstackBANK0  00050
__pcstackBANK1                            cstackBANK1  000A0
__pcstackBANK2                            cstackBANK2  00166
__pcstackCOMMON                           cstackCOMMON 00070
__pdataBANK2                              dataBANK2    00158
__pdataBANK3                              dataBANK3    001D0
__pdataBANK6                              dataBANK6    00340
__pidataBANK2                             idataBANK2   01C42
__pidataBANK3                             idataBANK3   01CE3
__pidataBANK6                             idataBANK6   01DC7
__pintentry                               intentry     00004
__pmaintext                               maintext     01CCC
__pnvBANK2                                nvBANK2      0016E
__pnvBANK3                                nvBANK3      001EA
__pstrings                                strings      00800
__pswtext1                                swtext1      01800
__ptext1                                  text1        01461
__ptext10                                 text10       00953
__ptext11                                 text11       00BE0
__ptext12                                 text12       01CB5
__ptext13                                 text13       01C75
__ptext14                                 text14       01C62
__ptext15                                 text15       01C88
__ptext16                                 text16       01C9E
__ptext17                                 text17       01D50
__ptext18                                 text18       00C8C
__ptext19                                 text19       010F4
__ptext2                                  text2        00414
__ptext20                                 text20       011A3
__ptext21                                 text21       01F6A
__ptext22                                 text22       00594
__ptext23                                 text23       0165C
__ptext24                                 text24       007F6
__ptext25                                 text25       00D43
__ptext26                                 text26       00EFC
__ptext27                                 text27       01E09
__ptext28                                 text28       0125E
__ptext29                                 text29       00E05
__ptext3                                  text3        01EB4
__ptext30                                 text30       014DB
__ptext31                                 text31       012BF
__ptext32                                 text32       01E50
__ptext33                                 text33       00A8F
__ptext34                                 text34       01002
__ptext35                                 text35       01200
__ptext36                                 text36       006DB
__ptext37                                 text37       010A1
__ptext38                                 text38       01557
__ptext39                                 text39       01771
__ptext4                                  text4        00B37
__ptext40                                 text40       01DA7
__ptext41                                 text41       013E9
__ptext42                                 text42       01051
__ptext43                                 text43       016E3
__ptext44                                 text44       01385
__ptext45                                 text45       01DE7
__ptext46                                 text46       01D34
__ptext47                                 text47       01CFD
__ptext48                                 text48       01EEB
__ptext49                                 text49       01D18
__ptext5                                  text5        01C50
__ptext50                                 text50       01FB2
__ptext51                                 text51       01E2B
__ptext52                                 text52       01F2A
__ptext53                                 text53       007FF
__ptext54                                 text54       01C27
__ptext55                                 text55       00003
__ptext56                                 text56       00002
__ptext57                                 text57       01001
__ptext58                                 text58       01000
__ptext59                                 text59       01C26
__ptext6                                  text6        015D6
__ptext60                                 text60       009E7
__ptext62                                 text62       01148
__ptext63                                 text63       008C0
__ptext64                                 text64       008AF
__ptext65                                 text65       01D6C
__ptext7                                  text7        01D89
__ptext8                                  text8        00014
__ptext9                                  text9        01E7D
__size_of_AsicPreCalc                     (abs)        00000
__size_of_AsicPushWork                    (abs)        00000
__size_of_DetectAsics                     (abs)        00000
__size_of_ISRCode                         (abs)        00000
__size_of_InitFAN                         (abs)        00000
__size_of_InitResultRx                    (abs)        00000
__size_of_InitTempSensor                  (abs)        00000
__size_of_InitWorkTick                    (abs)        00000
__size_of_InitializeSystem                (abs)        00000
__size_of_ProcessCmd                      (abs)        00000
__size_of_ProcessIO                       (abs)        00000
__size_of_ResultRx                        (abs)        00000
__size_of_Send32                          (abs)        00000
__size_of_SendAsicData                    (abs)        00000
__size_of_SendCmdReply                    (abs)        00000
__size_of_USBCBCheckOtherReq              (abs)        00000
__size_of_USBCBErrorHandler               (abs)        00000
__size_of_USBCBInitEP                     (abs)        00000
__size_of_USBCBStdSetDscHandler           (abs)        00000
__size_of_USBCBSuspend                    (abs)        00000
__size_of_USBCBWakeFromSuspend            (abs)        00000
__size_of_USBCB_SOF_Handler               (abs)        00000
__size_of_USBCheckStdRequest              (abs)        00000
__size_of_USBCheckVendorRequest           (abs)        00000
__size_of_USBConfigureEndpoint            (abs)        00000
__size_of_USBCtrlEPAllowDataStage         (abs)        00000
__size_of_USBCtrlEPAllowStatusStage       (abs)        00000
__size_of_USBCtrlEPService                (abs)        00000
__size_of_USBCtrlEPServiceComplete        (abs)        00000
__size_of_USBCtrlTrfInHandler             (abs)        00000
__size_of_USBCtrlTrfOutHandler            (abs)        00000
__size_of_USBCtrlTrfRxService             (abs)        00000
__size_of_USBCtrlTrfSetupHandler          (abs)        00000
__size_of_USBCtrlTrfTxService             (abs)        00000
__size_of_USBDeviceInit                   (abs)        00000
__size_of_USBDeviceTasks                  (abs)        00000
__size_of_USBEnableEndpoint               (abs)        00000
__size_of_USBStallHandler                 (abs)        00000
__size_of_USBStdFeatureReqHandler         (abs)        00000
__size_of_USBStdGetDscHandler             (abs)        00000
__size_of_USBStdGetStatusHandler          (abs)        00000
__size_of_USBStdSetCfgHandler             (abs)        00000
__size_of_USBSuspend                      (abs)        00000
__size_of_USBTransferOnePacket            (abs)        00000
__size_of_USBWakeFromSuspend              (abs)        00000
__size_of_USER_USB_CALLBACK_EVENT_HANDLER (abs)        00000
__size_of_UpdateFanLevel                  (abs)        00000
__size_of_UserInit                        (abs)        00000
__size_of_WorkTick                        (abs)        00000
__size_of___awdiv                         (abs)        00000
__size_of___awmod                         (abs)        00000
__size_of___awtoft                        (abs)        00000
__size_of___bmul                          (abs)        00000
__size_of___ftadd                         (abs)        00000
__size_of___ftmul                         (abs)        00000
__size_of___ftneg                         (abs)        00000
__size_of___ftpack                        (abs)        00000
__size_of___fttol                         (abs)        00000
__size_of___lwdiv                         (abs)        00000
__size_of___wmul                          (abs)        00000
__size_of_main                            (abs)        00000
__size_of_memset                          (abs)        00000
__size_of_rotate                          (abs)        00000
__size_ofi1_SendCmdReply                  (abs)        00000
__size_ofi1___bmul                        (abs)        00000
__size_ofi1___wmul                        (abs)        00000
__stringtab                               strings      00800
_buf                                      bssBANK3     001A0
_configDescriptor1                        strings      0086D
_controlTransferState                     bssBANK0     0006C
_device_dsc                               strings      0088D
_endpoint_number                          bssBANK2     00147
_ep_data_in                               bssBANK2     0012A
_ep_data_out                              bssBANK2     0012C
_inPipes                                  bssBANK2     0014D
_last_bit0                                bssBANK2     00148
_last_bit1                                bssBANK2     00149
_main                                     maintext     01CCC
_memset                                   text40       01DA7
_outPipes                                 bssBANK2     00120
_pBDTEntryEP0OutCurrent                   bssBANK0     0006D
_pBDTEntryEP0OutNext                      bssBANK0     0006E
_pBDTEntryIn                              bssBANK0     00068
_pBDTEntryOut                             bssBANK2     0012E
_pDst                                     bssBANK2     0014A
_ptr                                      bssBANK0     0006F
_rotate                                   text9        01E7D
_sd000                                    strings      008AB
_sd001                                    strings      00805
_sd002                                    strings      00839
_send32_count                             bssBANK2     0014B
_send32_data                              bssBANK2     00130
_shortPacketStatus                        bssBANK2     0014C
btemp                                     (abs)        0007E
clear_ram0                                clrtext      01C36
end_of_initialization                     cinit        01382
i1SendCmdReply@cmd                        cstackCOMMON 00076
[...]
      Params:         0       0       0       0       0       0       0       0       0       0       0       0       0       0
      Locals:         0       0       0       0       0       0       0       0       0       0       0       0       0       0
      Temps:          0       0       0       0       0       0       0       0       0       0       0       0       0       0
      Totals:         0       0       0       0       0       0       0       0       0       0       0       0       0       0
Total ram usage:        0 bytes
 Hardware stack levels used:    1
 Hardware stack levels required when called:    4
 This function calls:
		Nothing
 This function is called by:
		_USBCBCheckOtherReq
 This function uses a non-reentrant model


 *************** function _USBCBErrorHandler *****************
 Defined at:
		line 358 in file "main.c"
 Parameters:    Size  Location     Type
		None
 Auto vars:     Size  Location     Type
		None
 Return value:  Size  Location     Type
		None               void
 Registers used:
		None
 Tracked objects:
		On entry : 
		On exit  : 
		Unchanged: 
 Data sizes:     COMMON   BANK0   BANK1   BANK2   BANK3   BANK4   BANK5   BANK6   BANK7   BANK8   BANK9  BANK10  BANK11  BANK12
      Params:         0       0       0       0       0       0       0       0       0       0       0       0       0       0
      Locals:         0       0       0       0       0       0       0       0       0       0       0       0       0       0
      Temps:          0       0       0       0       0       0       0       0       0       0       0       0       0       0
      Totals:         0       0       0       0       0       0       0       0       0       0       0       0       0       0
Total ram usage:        0 bytes
 Hardware stack levels used:    1
 Hardware stack levels required when called:    4
 This function calls:
		Nothing
 This function is called by:
		_USER_USB_CALLBACK_EVENT_HANDLER
 This function uses a non-reentrant model


 *************** function _USBCB_SOF_Handler *****************
 Defined at:
		line 335 in file "main.c"
 Parameters:    Size  Location     Type
		None
 Auto vars:     Size  Location     Type
		None
 Return value:  Size  Location     Type
		None               void
 Registers used:
		None
 Tracked objects:
		On entry : 
		On exit  : 
		Unchanged: 
 Data sizes:     COMMON   BANK0   BANK1   BANK2   BANK3   BANK4   BANK5   BANK6   BANK7   BANK8   BANK9  BANK10  BANK11  BANK12
      Params:         0       0       0       0       0       0       0       0       0       0       0       0       0       0
      Locals:         0       0       0       0       0       0       0       0       0       0       0       0       0       0
      Temps:          0       0       0       0       0       0       0       0       0       0       0       0       0       0
      Totals:         0       0       0       0       0       0       0       0       0       0       0       0       0       0
Total ram usage:        0 bytes
 Hardware stack levels used:    1
 Hardware stack levels required when called:    4
 This function calls:
		Nothing
 This function is called by:
		_USER_USB_CALLBACK_EVENT_HANDLER
 This function uses a non-reentrant model


 *************** function _USBCBWakeFromSuspend *****************
 Defined at:
		line 305 in file "main.c"
 Parameters:    Size  Location     Type
		None
 Auto vars:     Size  Location     Type
		None
 Return value:  Size  Location     Type
		None               void
 Registers used:
		None
 Tracked objects:
		On entry : 
		On exit  : 
		Unchanged: 
 Data sizes:     COMMON   BANK0   BANK1   BANK2   BANK3   BANK4   BANK5   BANK6   BANK7   BANK8   BANK9  BANK10  BANK11  BANK12
      Params:         0       0       0       0       0       0       0       0       0       0       0       0       0       0
      Locals:         0       0       0       0       0       0       0       0       0       0       0       0       0       0
      Temps:          0       0       0       0       0       0       0       0       0       0       0       0       0       0
      Totals:         0       0       0       0       0       0       0       0       0       0       0       0       0       0
Total ram usage:        0 bytes
 Hardware stack levels used:    1
 Hardware stack levels required when called:    4
 This function calls:
		Nothing
 This function is called by:
		_USER_USB_CALLBACK_EVENT_HANDLER
		_USBCBSendResume
 This function uses a non-reentrant model


 *************** function _USBCBSuspend *****************
 Defined at:
		line 264 in file "main.c"
 Parameters:    Size  Location     Type
		None
 Auto vars:     Size  Location     Type
		None
 Return value:  Size  Location     Type
		None               void
 Registers used:
		None
 Tracked objects:
		On entry : 
		On exit  : 
		Unchanged: 
 Data sizes:     COMMON   BANK0   BANK1   BANK2   BANK3   BANK4   BANK5   BANK6   BANK7   BANK8   BANK9  BANK10  BANK11  BANK12
      Params:         0       0       0       0       0       0       0       0       0       0       0       0       0       0
      Locals:         0       0       0       0       0       0       0       0       0       0       0       0       0       0
      Temps:          0       0       0       0       0       0       0       0       0       0       0       0       0       0
      Totals:         0       0       0       0       0       0       0       0       0       0       0       0       0       0
Total ram usage:        0 bytes
 Hardware stack levels used:    1
 Hardware stack levels required when called:    4
 This function calls:
		Nothing
 This function is called by:
		_USER_USB_CALLBACK_EVENT_HANDLER
 This function uses a non-reentrant model


 *************** function _USBDeviceInit *****************
 Defined at:
		line 467 in file "../USB/usb_device.c"
 Parameters:    Size  Location     Type
		None
 Auto vars:     Size  Location     Type
  p               2   10[BANK0 ] PTR unsigned char 
		 -> UEP1(1), 
  i               1   12[BANK0 ] unsigned char 
  i               1   13[BANK0 ] unsigned char 
 Return value:  Size  Location     Type
		None               void
 Registers used:
		wreg, fsr1l, fsr1h, status,2, status,0
 Tracked objects:
		On entry : 
		On exit  : 
		Unchanged: 
 Data sizes:     COMMON   BANK0   BANK1   BANK2   BANK3   BANK4   BANK5   BANK6   BANK7   BANK8   BANK9  BANK10  BANK11  BANK12
      Params:         0       0       0       0       0       0       0       0       0       0       0       0       0       0
      Locals:         0       4       0       0       0       0       0       0       0       0       0       0       0       0
      Temps:          0       2       0       0       0       0       0       0       0       0       0       0       0       0
      Totals:         0       6       0       0       0       0       0       0       0       0       0       0       0       0
Total ram usage:        6 bytes
 Hardware stack levels used:    1
 Hardware stack levels required when called:    4
 This function calls:
		Nothing
 This function is called by:
		_USBDeviceTasks
		_InitializeSystem
 This function uses a non-reentrant model


 *************** function _ISRCode *****************
 Defined at:
		line 70 in file "main.c"
 Parameters:    Size  Location     Type
		None
 Auto vars:     Size  Location     Type
		None
 Return value:  Size  Location     Type
		None               void
 Registers used:
		wreg, fsr0l, fsr0h, fsr1l, fsr1h, status,2, status,0, btemp+1, pclath, cstack
 Tracked objects:
		On entry : 
		On exit  : 
		Unchanged: 
 Data sizes:     COMMON   BANK0   BANK1   BANK2   BANK3   BANK4   BANK5   BANK6   BANK7   BANK8   BANK9  BANK10  BANK11  BANK12
      Params:         0       0       0       0       0       0       0       0       0       0       0       0       0       0
      Locals:         0       0       0       0       0       0       0       0       0       0       0       0       0       0
      Temps:          1       0       0       0       0       0       0       0       0       0       0       0       0       0
      Totals:         1       0       0       0       0       0       0       0       0       0       0       0       0       0
Total ram usage:        1 bytes
 Hardware stack levels used:    1
 Hardware stack levels required when called:    3
 This function calls:
		_ResultRx
 This function is called by:
		Interrupt level 1
 This function uses a non-reentrant model


 *************** function _ResultRx *****************
 Defined at:
		line 195 in file "klondike.c"
 Parameters:    Size  Location     Type
		None
 Auto vars:     Size  Location     Type
		None
 Return value:  Size  Location     Type
		None               void
 Registers used:
		wreg, fsr0l, fsr0h, fsr1l, fsr1h, status,2, status,0, btemp+1, pclath, cstack
 Tracked objects:
		On entry : 
		On exit  : 
		Unchanged: 
 Data sizes:     COMMON   BANK0   BANK1   BANK2   BANK3   BANK4   BANK5   BANK6   BANK7   BANK8   BANK9  BANK10  BANK11  BANK12
      Params:         0       0       0       0       0       0       0       0       0       0       0       0       0       0
      Locals:         0       0       0       0       0       0       0       0       0       0       0       0       0       0
      Temps:          1       0       0       0       0       0       0       0       0       0       0       0       0       0
      Totals:         1       0       0       0       0       0       0       0       0       0       0       0       0       0
Total ram usage:        1 bytes
 Hardware stack levels used:    1
 Hardware stack levels required when called:    2
 This function calls:
		i1_SendCmdReply
 This function is called by:
		_ISRCode
 This function uses a non-reentrant model


 *************** function i1_SendCmdReply *****************
 Defined at:
		line 208 in file "main.c"
 Parameters:    Size  Location     Type
  SendCmdReply    2    6[COMMON] PTR unsigned char 
		 -> ResultQue(6), OUTPacket(64), 
  SendCmdReply    2    8[COMMON] PTR unsigned char 
		 -> ResultQue(6), Cfg(6), ID(12), Status(13), 
  SendCmdReply    1   10[COMMON] unsigned char 
 Auto vars:     Size  Location     Type
  SendCmdReply    1   11[COMMON] unsigned char 
 Return value:  Size  Location     Type
		None               void
 Registers used:
		wreg, fsr0l, fsr0h, fsr1l, fsr1h, status,2, status,0, btemp+1, pclath, cstack
 Tracked objects:
		On entry : 
		On exit  : 
		Unchanged: 
 Data sizes:     COMMON   BANK0   BANK1   BANK2   BANK3   BANK4   BANK5   BANK6   BANK7   BANK8   BANK9  BANK10  BANK11  BANK12
      Params:         5       0       0       0       0       0       0       0       0       0       0       0       0       0
      Locals:         1       0       0       0       0       0       0       0       0       0       0       0       0       0
      Temps:          0       8       0       0       0       0       0       0       0       0       0       0       0       0
      Totals:         6       8       0       0       0       0       0       0       0       0       0       0       0       0
Total ram usage:       14 bytes
 Hardware stack levels used:    1
 Hardware stack levels required when called:    1
 This function calls:
		i1___wmul
		i1___bmul
 This function is called by:
		_ResultRx
 This function uses a non-reentrant model


 *************** function i1___bmul *****************
 Defined at:
		line 3 in file "C:\Program Files (x86)\Microchip\xc8\v1.20\sources\pic\bmul.c"
 Parameters:    Size  Location     Type
  __bmul          1    wreg     unsigned char 
  __bmul          1    0[COMMON] unsigned char 
 Auto vars:     Size  Location     Type
  __bmul          1    2[COMMON] unsigned char 
  __bmul          1    3[COMMON] unsigned char 
 Return value:  Size  Location     Type
                  1    wreg      unsigned char 
 Registers used:
		wreg, status,2, status,0
 Tracked objects:
		On entry : 
		On exit  : 
		Unchanged: 
 Data sizes:     COMMON   BANK0   BANK1   BANK2   BANK3   BANK4   BANK5   BANK6   BANK7   BANK8   BANK9  BANK10  BANK11  BANK12
      Params:         1       0       0       0       0       0       0       0       0       0       0       0       0       0
      Locals:         2       0       0       0       0       0       0       0       0       0       0       0       0       0
      Temps:          1       0       0       0       0       0       0       0       0       0       0       0       0       0
      Totals:         4       0       0       0       0       0       0       0       0       0       0       0       0       0
Total ram usage:        4 bytes
 Hardware stack levels used:    1
 This function calls:
		Nothing
 This function is called by:
		i1_SendCmdReply
 This function uses a non-reentrant model


 *************** function i1___wmul *****************
 Defined at:
		line 3 in file "C:\Program Files (x86)\Microchip\xc8\v1.20\sources\pic\wmul.c"
 Parameters:    Size  Location     Type
  __wmul          2    0[COMMON] unsigned int 
  __wmul          2    2[COMMON] unsigned int 
 Auto vars:     Size  Location     Type
  __wmul          2    4[COMMON] unsigned int 
 Return value:  Size  Location     Type
                  2    0[COMMON] unsigned int 
 Registers used:
		wreg, status,2, status,0
 Tracked objects:
		On entry : 
		On exit  : 
		Unchanged: 
 Data sizes:     COMMON   BANK0   BANK1   BANK2   BANK3   BANK4   BANK5   BANK6   BANK7   BANK8   BANK9  BANK10  BANK11  BANK12
      Params:         4       0       0       0       0       0       0       0       0       0       0       0       0       0
      Locals:         2       0       0       0       0       0       0       0       0       0       0       0       0       0
      Temps:          0       0       0       0       0       0       0       0       0       0       0       0       0       0
      Totals:         6       0       0       0       0       0       0       0       0       0       0       0       0       0
Total ram usage:        6 bytes
 Hardware stack levels used:    1
 This function calls:
		Nothing
 This function is called by:
		i1_SendCmdReply
 This function uses a non-reentrant model



MODULE INFORMATION

Module		Function		Class		Link	Load	Size
C:\Program Files (x86)\Microchip\xc8\v1.20\sources\pic\awtoft.c
		___awtoft      		CODE           	1E09	0000	34

C:\Program Files (x86)\Microchip\xc8\v1.20\sources\pic\awtoft.c estimated size: 34

C:\Program Files (x86)\Microchip\xc8\v1.20\sources\pic\awmod.c
		___awmod       		CODE           	1F6A	0000	72

C:\Program Files (x86)\Microchip\xc8\v1.20\sources\pic\awmod.c estimated size: 72

C:\Program Files (x86)\Microchip\xc8\v1.20\sources\pic\awdiv.c
		___awdiv       		CODE           	10F4	0000	84

C:\Program Files (x86)\Microchip\xc8\v1.20\sources\pic\awdiv.c estimated size: 84

C:\Program Files (x86)\Microchip\xc8\v1.20\sources\pic\ftadd.c
		___ftadd       		CODE           	0EFC	0000	260

C:\Program Files (x86)\Microchip\xc8\v1.20\sources\pic\ftadd.c estimated size: 260

C:\Program Files (x86)\Microchip\xc8\v1.20\sources\pic\lwdiv.c
		___lwdiv       		CODE           	1EB4	0000	55

C:\Program Files (x86)\Microchip\xc8\v1.20\sources\pic\lwdiv.c estimated size: 55

C:\Program Files (x86)\Microchip\xc8\v1.20\sources\pic\float.c
		___ftpack      		CODE           	125E	0000	97

C:\Program Files (x86)\Microchip\xc8\v1.20\sources\pic\float.c estimated size: 97

shared
		_configDescript		STRING         	086D	0000	32
		_USB_CD_Ptr    		STRING         	0804	0000	1
		_sd001         		STRING         	0805	0000	52
		__stringtab    		STRING         	0800	0000	1
		_sd002         		STRING         	0839	0000	52
		_ID            		STRING         	089F	0000	12
		i1___wmul      		CODE           	1D6C	0000	29
		__initializatio		CODE           	1322	0000	96
		_device_dsc    		STRING         	088D	0000	18
		i1_SendCmdReply		CODE           	08C0	0000	147
		i1___bmul      		CODE           	08AF	0000	17
		_USB_SD_Ptr    		STRING         	0801	0000	3
		_sd000         		STRING         	08AB	0000	4

shared estimated size: 464

C:\Program Files (x86)\Microchip\xc8\v1.20\sources\pic\wmul.c
		___wmul        		CODE           	1D89	0000	30

C:\Program Files (x86)\Microchip\xc8\v1.20\sources\pic\wmul.c estimated size: 30

asic.c
		_Send32        		CODE           	0BE0	0000	172
		_SendAsicData  		CODE           	0953	0000	148
		_rotate        		CODE           	1E7D	0000	55
		_AsicPreCalc   		CODE           	0014	0000	1024

asic.c estimated size: 1399

klondike.c
		_ResultRx      		CODE           	1148	0000	91
		_UpdateFanLevel		CODE           	0594	0000	327
		_WorkTick      		CODE           	11A3	0000	93
		_InitTempSensor		CODE           	1C9E	0000	23
		_DetectAsics   		CODE           	0C8C	0000	183
		_InitWorkTick  		CODE           	1C88	0000	22
		_AsicPushWork  		CODE           	15D6	0000	134
		_ProcessCmd    		CODE           	0414	0000	384
		_InitResultRx  		CODE           	1C62	0000	19
		_InitFAN       		CODE           	1D50	0000	28

klondike.c estimated size: 1304

../USB/usb_function_generic.c
		_USBCheckVendor		CODE           	0003	0000	1

../USB/usb_function_generic.c estimated size: 1

main.c
		_USBCBErrorHand		CODE           	0002	0000	1
		_UserInit      		CODE           	1C75	0000	19
		_USBCBWakeFromS		CODE           	1000	0000	1
		_main          		CODE           	1CCC	0000	23
		_USER_USB_CALLB		CODE           	1EEB	0000	63
		_USBCBStdSetDsc		CODE           	07FF	0000	1
		_SendCmdReply  		CODE           	0B37	0000	169
		_USBCBInitEP   		CODE           	1D18	0000	28
		_InitializeSyst		CODE           	1CB5	0000	23
		_ProcessIO     		CODE           	1461	0000	122
		_USBCB_SOF_Hand		CODE           	1001	0000	1
		_USBCBSuspend  		CODE           	1C26	0000	1
		_USBCBCheckOthe		CODE           	1C27	0000	3
		_ISRCode       		CODE           	0004	0000	14

main.c estimated size: 469

C:\Program Files (x86)\Microchip\xc8\v1.20\sources\pic\bmul.c
		___bmul        		CODE           	1C50	0000	18

C:\Program Files (x86)\Microchip\xc8\v1.20\sources\pic\bmul.c estimated size: 18

C:\Program Files (x86)\Microchip\xc8\v1.20\sources\pic\ftneg.c
		___ftneg       		CODE           	07F6	0000	9

C:\Program Files (x86)\Microchip\xc8\v1.20\sources\pic\ftneg.c estimated size: 9

../USB/usb_device.c
		_USBCtrlTrfInHa		CODE           	12BF	0000	99
		_USBTransferOne		CODE           	1FB2	0000	78
		_USBStdGetDscHa		CODE           	1557	0000	127
		_USBCtrlEPAllow		CODE           	1051	0000	80
		_USBStdFeatureR		CODE           	06DB	0000	283
		_USBCtrlEPAllow		CODE           	1385	0000	100
		_USBCtrlTrfSetu		CODE           	1002	0000	79
		_USBCtrlTrfOutH		CODE           	1E50	0000	45
		_USBCtrlEPServi		CODE           	13E9	0000	120
		_USBSuspend    		CODE           	1D34	0000	28
		_USBStdSetCfgHa		CODE           	1771	0000	143
		_USBStdGetStatu		CODE           	10A1	0000	83
		_USBWakeFromSus		CODE           	1CFD	0000	27
		_USBCtrlTrfRxSe		CODE           	0A8F	0000	168
		_USBCtrlTrfTxSe		CODE           	16E3	0000	142
		_USBEnableEndpo		CODE           	1E2B	0000	37
		_USBConfigureEn		CODE           	1F2A	0000	64
		_USBDeviceInit 		CODE           	09E7	0000	168
		_USBCtrlEPServi		CODE           	14DB	0000	124
		_USBStallHandle		CODE           	1DE7	0000	34
		_USBDeviceTasks		CODE           	0E05	0000	247
		_USBCheckStdReq		CODE           	1200	0000	94

../USB/usb_device.c estimated size: 2370

C:\Program Files (x86)\Microchip\xc8\v1.20\sources\pic\ftmul.c
		___ftmul       		CODE           	0D43	0000	194

C:\Program Files (x86)\Microchip\xc8\v1.20\sources\pic\ftmul.c estimated size: 194

C:\Program Files (x86)\Microchip\xc8\v1.20\sources\pic\fttol.c
		___fttol       		CODE           	165C	0000	135

C:\Program Files (x86)\Microchip\xc8\v1.20\sources\pic\fttol.c estimated size: 135

C:\Program Files (x86)\Microchip\xc8\v1.20\sources\common\memset.c
		_memset        		CODE           	1DA7	0000	32

C:\Program Files (x86)\Microchip\xc8\v1.20\sources\common\memset.c estimated size: 32

