Microchip MPLAB XC8 Compiler V1.20 ()

Linker command line:

-W9 --edf=C:\Program Files (x86)\Microchip\xc8\v1.20\dat\en_msgs.txt -cs \
  -h+dist/K16/production\Klondike.X.production.sym \
  --cmf=dist/K16/production\Klondike.X.production.cmf -z -Q16LF1459 \
  -oC:\Users\Jojko\AppData\Local\Temp\s6qg.6 \
  -Mdist/K16/production/Klondike.X.production.map -E1 -ver=XC8 \
  -ACONST=00h-0FFhx32 -ACODE=00h-07FFhx4 -ASTRCODE=00h-01FFFh \
  -AENTRY=00h-0FFhx32 -ASTRING=00h-0FFhx32 -ACOMMON=070h-07Fh \
  -ABANK0=020h-06Fh -ABANK1=0A0h-0EFh -ABANK2=0120h-016Fh \
  -ABANK3=01A0h-01EFh -ABANK4=0220h-026Fh -ABANK5=02A0h-02EFh \
  -ABANK6=0320h-036Fh -ABANK7=03A0h-03EFh -ABANK8=0420h-046Fh \
  -ABANK9=04A0h-04EFh -ABANK10=0520h-056Fh -ABANK11=05A0h-05EFh \
  -ABANK12=0620h-064Fh -ABIGRAM=02000h-023EFh \
  -ARAM=020h-06Fh,0A0h-0EFh,0120h-016Fh,01A0h-01EFh,0220h-026Fh,02A0h-02EFh,0320h-036Fh,03A0h-03EFh,0420h-046Fh,04A0h-04EFh,0520h-056Fh,05A0h-05EFh,0620h-064Fh \
  -AABS1=020h-07Fh,0A0h-0EFh,0120h-016Fh,01A0h-01EFh,0220h-026Fh,02A0h-02EFh,0320h-036Fh,03A0h-03EFh,0420h-046Fh,04A0h-04EFh,0520h-056Fh,05A0h-05EFh,0620h-064Fh \
  -ASFR0=00h-01Fh -ASFR1=080h-09Fh -ASFR2=0100h-011Fh -ASFR3=0180h-019Fh \
  -ASFR4=0200h-021Fh -ASFR5=0280h-029Fh -ASFR6=0300h-031Fh \
  -ASFR7=0380h-039Fh -ASFR8=0400h-041Fh -ASFR9=0480h-049Fh \
  -ASFR10=0500h-051Fh -ASFR11=0580h-059Fh -ASFR12=0600h-061Fh \
  -ASFR13=0680h-06EFh -ASFR14=0700h-076Fh -ASFR15=0780h-07EFh \
  -ASFR16=0800h-086Fh -ASFR17=0880h-08EFh -ASFR18=0900h-096Fh \
  -ASFR19=0980h-09EFh -ASFR20=0A00h-0A6Fh -ASFR21=0A80h-0AEFh \
  -ASFR22=0B00h-0B6Fh -ASFR23=0B80h-0BEFh -ASFR24=0C00h-0C6Fh \
  -ASFR25=0C80h-0CEFh -ASFR26=0D00h-0D6Fh -ASFR27=0D80h-0DEFh \
  -ASFR28=0E00h-0E6Fh -ASFR29=0E80h-0EEFh -ASFR30=0F00h-0F6Fh \
  -ASFR31=0F80h-0FEFh -preset_vec=00h,intentry=04h,init,end_init \
  -ppowerup=CODE -pfunctab=CODE -ACONFIG=08007h-08008h -pconfig=CONFIG \
  -DCONFIG=2 -AIDLOC=08000h-08003h -pidloc=IDLOC -DIDLOC=2 -DCODE=2 \
  -DSTRCODE=2 -DSTRING=2 -DCONST=2 -DENTRY=2 -k \
  C:\Users\Jojko\AppData\Local\Temp\s6qg.obj \
  dist/K16/production\Klondike.X.production.obj 

Object code version is 3.11

Machine type is 16LF1459



                Name                               Link     Load   Length Selector   Space Scale
C:\Users\Jojko\AppData\Local\Temp\s6qg.obj
                end_init                             12       12        2        8       0
                reset_vec                             0        0        2        0       0
                config                             8007     8007        2    1000E       0
dist/K16/production\Klondike.X.production.obj
                intentry                              4        4        E        8       0
                text66                             1AF7     1AF7       1D     35EE       0
                text65                             19E8     19E8       11     33D0       0
                text64                             1595     1595       93     2B2A       0
                text63                              977      977       B2     12EE       0
                text61                              8C7      8C7       B0     118E       0
                text60                             19B7     19B7        1     336E       0
                text59                             19B8     19B8        1     3370       0
                text58                             19B9     19B9        1     3372       0
                text57                             1000     1000        1     1D20       0
                text56                             1001     1001        1     2002       0
                text55                              7FD      7FD        3        8       0
                text54                                2        2        1        0       0
                text53                             1D95     1D95       4D     3B2A       0
                text52                             1BBE     1BBE       2A     377C       0
                text51                             1DE2     1DE2       4E     3BC4       0
                text50                             1B14     1B14       1D     3628       0
                text49                             1C8E     1C8E       3F     391C       0
                text48                              8AF      8AF       18     115E       0
                text47                             1A73     1A73       19     34E6       0
                text46                             1B72     1B72       25     36E4       0
                text45                             1094     1094       6F     2128       0
                text44                             1508     1508       8D     2A10       0
                text43                             1E83     1E83       57     3D06       0
                text42                             147D     147D       8B     28FA       0
                text41                             1B51     1B51       21     36A2       0
                text40                             1372     1372       84     26E4       0
                text39                             1271     1271       7F     24E2       0
                text38                             1E30     1E30       53     3C60       0
                text37                              D76      D76      11A     1AEC       0
                swtext1                            1800     1800       1A     3000       0
                text36                             1EDA     1EDA       59     3DB4       0
                text35                             1D0D     1D0D       43     3A1A       0
                text34                              A29      A29       B2     1452       0
                text33                             1BE8     1BE8       33     37D0       0
                text32                             1F33     1F33       66     3E66       0
                text31                             1103     1103       74     2206       0
                text30                              B8F      B8F       F1     171E       0
                text29                             1029     1029       6B     2052       0
                text28                             1B97     1B97       27     372E       0
                text27                              C80      C80       F6     1900       0
                text26                             1C52     1C52       3C     38A4       0
                text25                              ADB      ADB       B4     15B6       0
                text24                             19BA     19BA        9     3374       0
                text23                             13F6     13F6       87     27EC       0
                text22                             1ABF     1ABF       1C     357E       0
                text21                              4E1      4E1      264        8       0
                text20                             1CCD     1CCD       40     399A       0
                text19                             1F99     1F99       67     3F32       0
                text18                              745      745       B8        8       0
                text17                             1ADB     1ADB       1C     35B6       0
                text16                             1A45     1A45       17     348A       0
                text15                             1A30     1A30       15     3460       0
                text14                             19F9     19F9       12     33F2       0
                text13                             1A1D     1A1D       13     343A       0
                text12                             1A8C     1A8C       19     3518       0
                text11                             1754     1754       AC     2EA8       0
                text10                             1628     1628       95     2C50       0
                text9                              1C1B     1C1B       37     3836       0
                text8                                14       14      4CD        8       0
                text7                              1002     1002       27     2004       0
                text6                              12F0     12F0       82     25E0       0
                text5                              1A0B     1A0B       12     3416       0
                text4                              16BD     16BD       97     2D7A       0
                text3                              1D50     1D50       45     3AA0       0
                text2                               E90      E90      170     1D20       0
                text1                              1177     1177       7D     22EE       0
                maintext                           1A5C     1A5C       17     34B8       0
                cstackBANK0                          50       50       12       50       1
                cstackCOMMON                         70       70        E       70       1
                cstackBANK1                          A0       A0       43       A0       1
                cstackBANK2                         120      120       39      120       1
                inittext                           19C3     19C3        C     3386       0
                clrtext                            19CF     19CF        C     339E       0
                dataBANK7                           3A0      3A0       20      3A0       1
                bssBANK6                            320      320       38      320       1
                bssBANK4                            260      260       10      260       1
                dataBANK3                           1CC      1CC       1A      1A0       1
                bssBANK3                            1A0      1A0       2C      1A0       1
                dataBANK2                           159      159        D      120       1
                bssBANK2                            166      166        A      120       1
                bssBANK1                             E3       E3        D       A0       1
                dataBANK0                            6F       6F        1       50       1
                bssBANK0                             62       62        D       50       1
                cinit                              11F4     11F4       7D     23E8       0
                nvBANK3                             1E6      1E6        3      1A0       1
                strings                             800      800       AF     1000       0
                idataBANK7                         1B31     1B31       20     3662       0
                idataBANK3                         1AA5     1AA5       1A     354A       0
                idataBANK2                         19DB     19DB        D     33B6       0
                idataBANK0                            3        3        1        6       0

TOTAL           Name                               Link     Load   Length     Space
        CLASS   CONST          
                swtext1                            1800     1800       1A         0

        CLASS   CODE           
                end_init                             12       12        2         0
                intentry                              4        4        E         0
                reset_vec                             0        0        2         0
                text66                             1AF7     1AF7       1D         0
                text65                             19E8     19E8       11         0
                text64                             1595     1595       93         0
                text63                              977      977       B2         0
                text61                              8C7      8C7       B0         0
                text60                             19B7     19B7        1         0
                text59                             19B8     19B8        1         0
                text58                             19B9     19B9        1         0
                text57                             1000     1000        1         0
                text56                             1001     1001        1         0
                text55                              7FD      7FD        3         0
                text54                                2        2        1         0
                text53                             1D95     1D95       4D         0
                text52                             1BBE     1BBE       2A         0
                text51                             1DE2     1DE2       4E         0
                text50                             1B14     1B14       1D         0
                text49                             1C8E     1C8E       3F         0
                text48                              8AF      8AF       18         0
                text47                             1A73     1A73       19         0
                text46                             1B72     1B72       25         0
                text45                             1094     1094       6F         0
                text44                             1508     1508       8D         0
                text43                             1E83     1E83       57         0
                text42                             147D     147D       8B         0
                text41                             1B51     1B51       21         0
                text40                             1372     1372       84         0
                text39                             1271     1271       7F         0
                text38                             1E30     1E30       53         0
                text37                              D76      D76      11A         0
                text36                             1EDA     1EDA       59         0
                text35                             1D0D     1D0D       43         0
                text34                              A29      A29       B2         0
                text33                             1BE8     1BE8       33         0
                text32                             1F33     1F33       66         0
                text31                             1103     1103       74         0
                text30                              B8F      B8F       F1         0
                text29                             1029     1029       6B         0
                text28                             1B97     1B97       27         0
                text27                              C80      C80       F6         0
                text26                             1C52     1C52       3C         0
                text25                              ADB      ADB       B4         0
                text24                             19BA     19BA        9         0
                text23                             13F6     13F6       87         0
                text22                             1ABF     1ABF       1C         0
                text21                              4E1      4E1      264         0
                text20                             1CCD     1CCD       40         0
                text19                             1F99     1F99       67         0
                text18                              745      745       B8         0
                text17                             1ADB     1ADB       1C         0
                text16                             1A45     1A45       17         0
                text15                             1A30     1A30       15         0
                text14                             19F9     19F9       12         0
                text13                             1A1D     1A1D       13         0
                text12                             1A8C     1A8C       19         0
                text11                             1754     1754       AC         0
                text10                             1628     1628       95         0
                text9                              1C1B     1C1B       37         0
                text8                                14       14      4CD         0
                text7                              1002     1002       27         0
                text6                              12F0     12F0       82         0
                text5                              1A0B     1A0B       12         0
                text4                              16BD     16BD       97         0
                text3                              1D50     1D50       45         0
                text2                               E90      E90      170         0
                text1                              1177     1177       7D         0
                maintext                           1A5C     1A5C       17         0
                inittext                           19C3     19C3        C         0
                clrtext                            19CF     19CF        C         0
                cinit                              11F4     11F4       7D         0
                idataBANK7                         1B31     1B31       20         0
                idataBANK3                         1AA5     1AA5       1A         0
                idataBANK2                         19DB     19DB        D         0
                idataBANK0                            3        3        1         0

        CLASS   STRCODE        

        CLASS   ENTRY          

        CLASS   STRING         
                strings                             800      800       AF         0

        CLASS   COMMON         
                cstackCOMMON                         70       70        E         1

        CLASS   BANK0          
                cstackBANK0                          50       50       12         1
                dataBANK0                            6F       6F        1         1
                bssBANK0                             62       62        D         1

        CLASS   BANK1          
                cstackBANK1                          A0       A0       43         1
                bssBANK1                             E3       E3        D         1

        CLASS   BANK2          
                cstackBANK2                         120      120       39         1
                dataBANK2                           159      159        D         1
                bssBANK2                            166      166        A         1

        CLASS   BANK3          
                dataBANK3                           1CC      1CC       1A         1
                bssBANK3                            1A0      1A0       2C         1
                nvBANK3                             1E6      1E6        3         1

        CLASS   BANK4          
                bssBANK4                            260      260       10         1

        CLASS   BANK5          

        CLASS   BANK6          
                bssBANK6                            320      320       38         1

        CLASS   BANK7          
                dataBANK7                           3A0      3A0       20         1

        CLASS   BANK8          

        CLASS   BANK9          

        CLASS   BANK10         

        CLASS   BANK11         

        CLASS   BANK12         

        CLASS   BIGRAM         

        CLASS   RAM            

        CLASS   ABS1           
                abs_s1                               20       20       30         1
                abs_s1                               7E       7E        2         1
                abs_s1                              220      220       40         1
                abs_s1                              2A0      2A0       40         1
                abs_s1                              53C      53C       34         1
                abs_s1                              5A0      5A0       50         1
                abs_s1                              620      620       30         1
                abs_s1                             233C     233C        0         1

        CLASS   SFR0           

        CLASS   SFR1           

        CLASS   SFR2           

        CLASS   SFR3           

        CLASS   SFR4           

        CLASS   SFR5           

        CLASS   SFR6           

        CLASS   SFR7           

        CLASS   SFR8           

        CLASS   SFR9           

        CLASS   SFR10          

        CLASS   SFR11          

        CLASS   SFR12          

        CLASS   SFR13          

        CLASS   SFR14          

        CLASS   SFR15          

        CLASS   SFR16          

        CLASS   SFR17          

        CLASS   SFR18          

        CLASS   SFR19          

        CLASS   SFR20          

        CLASS   SFR21          

        CLASS   SFR22          

        CLASS   SFR23          

        CLASS   SFR24          

        CLASS   SFR25          

        CLASS   SFR26          

        CLASS   SFR27          

        CLASS   SFR28          

        CLASS   SFR29          

        CLASS   SFR30          

        CLASS   SFR31          

        CLASS   CONFIG         
                config                             8007     8007        2         0

        CLASS   IDLOC          

        CLASS   BANK31         

        CLASS   BANK30         

        CLASS   BANK29         

        CLASS   BANK28         

        CLASS   BANK27         

        CLASS   BANK26         

        CLASS   BANK25         

        CLASS   BANK24         

        CLASS   BANK23         

        CLASS   BANK22         

        CLASS   BANK21         

        CLASS   BANK20         

        CLASS   BANK19         

        CLASS   BANK18         

        CLASS   BANK17         

        CLASS   BANK16         

        CLASS   BANK15         

        CLASS   BANK14         

        CLASS   BANK13         

        CLASS   EEDATA         



SEGMENTS        Name                           Load    Length   Top    Selector   Space  Class     Delta

                reset_vec                      000000  000003  000003         0       0  CODE        2
                idataBANK0                     000003  000001  000004         6       0  CODE        2
                intentry                       000004  0007FC  000800         8       0  CODE        2
                cstackBANK0                    000050  000020  000070        50       1  BANK0       1
                cstackCOMMON                   000070  00000E  00007E        70       1  COMMON      1
                cstackBANK1                    0000A0  000050  0000F0        A0       1  BANK1       1
                cstackBANK2                    000120  000050  000170       120       1  BANK2       1
                bssBANK3                       0001A0  000049  0001E9       1A0       1  BANK3       1
                bssBANK4                       000260  000010  000270       260       1  BANK4       1
                bssBANK6                       000320  000038  000358       320       1  BANK6       1
                dataBANK7                      0003A0  000020  0003C0       3A0       1  BANK7       1
                strings                        000800  0000AF  0008AF      1000       0  STRING      2
                text48                         0008AF  000018  0008C7      115E       0  CODE        2
                text61                         0008C7  0000B0  000977      118E       0  CODE        2
                text63                         000977  0000B2  000A29      12EE       0  CODE        2
                text34                         000A29  0000B2  000ADB      1452       0  CODE        2
                text25                         000ADB  0000B4  000B8F      15B6       0  CODE        2
                text30                         000B8F  0000F1  000C80      171E       0  CODE        2
                text27                         000C80  0000F6  000D76      1900       0  CODE        2
                text37                         000D76  00011A  000E90      1AEC       0  CODE        2
                text2                          000E90  000171  001001      1D20       0  CODE        2
                text56                         001001  000001  001002      2002       0  CODE        2
                text7                          001002  000027  001029      2004       0  CODE        2
                text29                         001029  00006B  001094      2052       0  CODE        2
                text45                         001094  00006F  001103      2128       0  CODE        2
                text31                         001103  000074  001177      2206       0  CODE        2
                text1                          001177  00007D  0011F4      22EE       0  CODE        2
                cinit                          0011F4  00007D  001271      23E8       0  CODE        2
                text39                         001271  00007F  0012F0      24E2       0  CODE        2
                text6                          0012F0  000082  001372      25E0       0  CODE        2
                text40                         001372  000084  0013F6      26E4       0  CODE        2
                text23                         0013F6  000087  00147D      27EC       0  CODE        2
                text42                         00147D  00008B  001508      28FA       0  CODE        2
                text44                         001508  00008D  001595      2A10       0  CODE        2
                text64                         001595  000093  001628      2B2A       0  CODE        2
                text10                         001628  000095  0016BD      2C50       0  CODE        2
                text4                          0016BD  000097  001754      2D7A       0  CODE        2
                text11                         001754  0000AC  001800      2EA8       0  CODE        2
                swtext1                        001800  00001A  00181A      3000       0  CONST       2
                text60                         0019B7  000001  0019B8      336E       0  CODE        2
                text59                         0019B8  000001  0019B9      3370       0  CODE        2
                text58                         0019B9  000001  0019BA      3372       0  CODE        2
                text24                         0019BA  000009  0019C3      3374       0  CODE        2
                inittext                       0019C3  00000C  0019CF      3386       0  CODE        2
                clrtext                        0019CF  00000C  0019DB      339E       0  CODE        2
                idataBANK2                     0019DB  00000D  0019E8      33B6       0  CODE        2
                text65                         0019E8  000011  0019F9      33D0       0  CODE        2
                text14                         0019F9  000012  001A0B      33F2       0  CODE        2
                text5                          001A0B  000012  001A1D      3416       0  CODE        2
                text13                         001A1D  000013  001A30      343A       0  CODE        2
                text15                         001A30  000015  001A45      3460       0  CODE        2
                text16                         001A45  000017  001A5C      348A       0  CODE        2
                maintext                       001A5C  000017  001A73      34B8       0  CODE        2
                text47                         001A73  000019  001A8C      34E6       0  CODE        2
                text12                         001A8C  000019  001AA5      3518       0  CODE        2
                idataBANK3                     001AA5  00001A  001ABF      354A       0  CODE        2
                text22                         001ABF  00001C  001ADB      357E       0  CODE        2
                text17                         001ADB  00001C  001AF7      35B6       0  CODE        2
                text66                         001AF7  00001D  001B14      35EE       0  CODE        2
                text50                         001B14  00001D  001B31      3628       0  CODE        2
                idataBANK7                     001B31  000020  001B51      3662       0  CODE        2
                text41                         001B51  000021  001B72      36A2       0  CODE        2
                text46                         001B72  000025  001B97      36E4       0  CODE        2
                text28                         001B97  000027  001BBE      372E       0  CODE        2
                text52                         001BBE  00002A  001BE8      377C       0  CODE        2
                text33                         001BE8  000033  001C1B      37D0       0  CODE        2
                text9                          001C1B  000037  001C52      3836       0  CODE        2
                text26                         001C52  00003C  001C8E      38A4       0  CODE        2
                text49                         001C8E  00003F  001CCD      391C       0  CODE        2
                text20                         001CCD  000040  001D0D      399A       0  CODE        2
                text35                         001D0D  000043  001D50      3A1A       0  CODE        2
                text3                          001D50  000045  001D95      3AA0       0  CODE        2
                text53                         001D95  00004D  001DE2      3B2A       0  CODE        2
                text51                         001DE2  00004E  001E30      3BC4       0  CODE        2
                text38                         001E30  000053  001E83      3C60       0  CODE        2
                text43                         001E83  000057  001EDA      3D06       0  CODE        2
                text36                         001EDA  000059  001F33      3DB4       0  CODE        2
                text32                         001F33  000066  001F99      3E66       0  CODE        2
                text19                         001F99  000067  002000      3F32       0  CODE        2
                config                         008007  000002  008009     1000E       0  CONFIG      2


UNUSED ADDRESS RANGES

        Name                Unused          Largest block    Delta
        BANK10           00520-0053B              1C           1
        BANK3            001E9-001EF               7           1
        BANK5            002E0-002EF              10           1
        BANK6            00358-0036F              18           1
        BANK7            003C0-003EF              30           1
        BANK8            00420-0046F              50           1
        BANK9            004A0-004EF              50           1
        BIGRAM           02000-023EF             3F0           1
        CODE             0181A-019B6             19D           2
        CONST            0181A-019B6              E6           2
        ENTRY            0181A-019B6              E6           2
        IDLOC            08000-08003               4           2
        RAM              001E9-001EF               7           1
                         002E0-002EF              10
                         00358-0036F              18
                         003C0-003EF              30
                         00420-0046F              50
                         004A0-004EF              50
                         00520-0053B              1C
        SFR0             00000-0001F              20           1
        SFR1             00080-0009F              20           1
        SFR10            00500-0051F              20           1
        SFR11            00580-0059F              20           1
        SFR12            00600-0061F              20           1
        SFR13            00680-006EF              70           1
        SFR14            00700-0076F              70           1
        SFR15            00780-007EF              70           1
        SFR16            00800-0086F              70           1
        SFR17            00880-008EF              70           1
        SFR18            00900-0096F              70           1
        SFR19            00980-009EF              70           1
        SFR2             00100-0011F              20           1
        SFR20            00A00-00A6F              70           1
        SFR21            00A80-00AEF              70           1
        SFR22            00B00-00B6F              70           1
        SFR23            00B80-00BEF              70           1
        SFR24            00C00-00C6F              70           1
        SFR25            00C80-00CEF              70           1
        SFR26            00D00-00D6F              70           1
        SFR27            00D80-00DEF              70           1
        SFR28            00E00-00E6F              70           1
        SFR29            00E80-00EEF              70           1
        SFR3             00180-0019F              20           1
        SFR30            00F00-00F6F              70           1
        SFR31            00F80-00FEF              70           1
        SFR4             00200-0021F              20           1
        SFR5             00280-0029F              20           1
        SFR6             00300-0031F              20           1
        SFR7             00380-0039F              20           1
        SFR8             00400-0041F              20           1
        SFR9             00480-0049F              20           1
        STRCODE          0181A-019B6             19D           2
        STRING           0181A-019B6              E6           2

                                  Symbol Table

?_AsicPreCalc                             cstackBANK1  000AD
?_SendAsicData                            cstackBANK1  000A2
?_SendCmdReply                            cstackBANK1  000A2
?_USBConfigureEndpoint                    cstackBANK0  0005E
?_USBEnableEndpoint                       cstackBANK0  00061
?_USBTransferOnePacket                    cstackBANK1  000A0
?_USER_USB_CALLBACK_EVENT_HANDLER         cstackBANK1  000AC
?___awdiv                                 cstackBANK0  0005E
?___awtoft                                cstackBANK1  000A5
?___bmul                                  cstackBANK0  0005E
?___ftadd                                 cstackBANK1  000BD
?___ftge                                  cstackBANK1  000CA
?___ftmul                                 cstackBANK1  000AA
?___ftneg                                 cstackBANK1  000BA
?___ftpack                                cstackBANK1  000A0
?___fttol                                 cstackBANK1  000CA
?___lbtoft                                cstackBANK1  000A5
?___lwdiv                                 cstackBANK0  0005E
?___wmul                                  cstackBANK0  0005E
?_memset                                  cstackBANK0  0005E
?_rotate                                  cstackBANK1  000A0
?i1_SendCmdReply                          cstackCOMMON 00076
?i1___bmul                                cstackCOMMON 00070
?i1___wmul                                cstackCOMMON 00070
AsicPreCalc@F3347                         dataBANK3    001CC
AsicPreCalc@K                             cstackBANK2  00120
AsicPreCalc@m                             cstackBANK2  0012C
AsicPreCalc@n                             cstackBANK2  00158
AsicPreCalc@work                          cstackBANK1  000AD
AsicPreCalc@x                             cstackBANK2  00154
AsicPreCalc@y                             cstackBANK2  00150
AsicPreCalc@z                             cstackBANK2  0014C
DetectAsics@x                             cstackBANK1  000AE
ProcessCmd@cmd                            cstackBANK1  000C4
SendAsicData@work                         cstackBANK1  000A2
SendCmdReply@cmd                          cstackBANK1  000A2
SendCmdReply@count                        cstackBANK1  000A6
SendCmdReply@data                         cstackBANK1  000A4
SendCmdReply@n                            cstackBANK1  000AF
USBCBSendResume@delay_count               bssBANK3     001A6
USBConfigureEndpoint@EPNum                cstackBANK0  0005F
USBConfigureEndpoint@direction            cstackBANK0  0005E
USBConfigureEndpoint@handle               cstackBANK0  00060
USBCtrlEPService@setup_cnt                cstackBANK1  000BC
USBCtrlTrfInHandler@lastDTS               cstackBANK0  00061
USBCtrlTrfRxService@byteToRead            cstackBANK1  000A1
USBCtrlTrfRxService@i                     cstackBANK1  000A0
USBCtrlTrfTxService@byteToSend            cstackBANK0  00060
USBDeviceInit@i                           cstackBANK1  000A3
USBDeviceInit@i_718                       cstackBANK1  000A2
USBDeviceInit@p                           cstackBANK1  000A0
USBDeviceTasks@i                          cstackBANK1  000BF
USBEnableEndpoint@ep                      cstackBANK1  000A8
USBEnableEndpoint@options                 cstackBANK0  00061
USBEnableEndpoint@p                       cstackBANK1  000A6
USBStdFeatureReqHandler@current_ep_data   cstackBANK1  000B5
USBStdFeatureReqHandler@p                 cstackBANK1  000B6
USBStdFeatureReqHandler@pUEP              cstackBANK1  000B3
USBStdGetStatusHandler@p                  cstackBANK0  0005F
USBStdSetCfgHandler@i                     cstackBANK1  000B5
USBStdSetCfgHandler@i_1089                cstackBANK1  000B4
USBStdSetCfgHandler@p                     cstackBANK1  000B2
USBTransferOnePacket@data                 cstackBANK1  000A1
USBTransferOnePacket@dir                  cstackBANK1  000A0
USBTransferOnePacket@ep                   cstackBANK1  000A5
USBTransferOnePacket@handle               cstackBANK1  000A6
USBTransferOnePacket@len                  cstackBANK1  000A2
USER_USB_CALLBACK_EVENT_HANDLER@event     cstackBANK1  000AC
_ACTCON                                   (abs)        0039B
_ADCON0bits                               (abs)        0009D
_ADCON1bits                               (abs)        0009E
_ADCON2bits                               (abs)        0009F
_ADRESH                                   (abs)        0009C
_ANSELA                                   (abs)        0018C
_ANSELB                                   (abs)        0018D
_ANSELBbits                               (abs)        0018D
_ANSELC                                   (abs)        0018E
_AsicPreCalc                              text8        00014
_AsicPushWork                             text6        012F0
_BAUDCONbits                              (abs)        0019F
_BDT                                      (abs)        00020
_BankRanges                               dataBANK7    003A0
_BankSize                                 nvBANK3      001E8
_BothEP0OutUOWNsSet                       bssBANK3     001B4
_Cfg                                      dataBANK3    001E0
_ClockCfg                                 dataBANK3    001D8
_CtrlTrfData                              (abs)        00048
_DetectAsics                              text18       00745
_DetectAsics$2895                         cstackBANK1  000AC
_Error                                    bssBANK3     001A8
_FanLevel                                 nvBANK3      001E6
_GIE                                      (abs)        0005F
_HashTime                                 dataBANK0    0006F
_I2CAddr                                  bssBANK3     001B5
_I2CCmd                                   bssBANK0     00062
_I2CCount                                 bssBANK0     00063
_I2CInBuf                                 bssBANK3     001B6
_I2CState                                 bssBANK0     00064
_ID                                       strings      0089F
_INPacket                                 (abs)        00220
_INTCONbits                               (abs)        0000B
_IOCAF3                                   (abs)        01C9B
_IOCBF                                    (abs)        00396
_IOCBPbits                                (abs)        00394
_ISRCode                                  intentry     00004
_InitFAN                                  text17       01ADB
_InitResultRx                             text14       019F9
_InitTempSensor                           text16       01A45
_InitWorkTick                             text15       01A30
_InitializeSystem                         text12       01A8C
_LATAbits                                 (abs)        0010C
_LATC                                     (abs)        0010E
_LATCbits                                 (abs)        0010E
_LastError                                bssBANK3     001AA
_LastTemp                                 bssBANK0     00065
_NonceRanges                              bssBANK6     00320
_OPTION_REGbits                           (abs)        00095
_OSCCON                                   (abs)        00099
_OSCTUNE                                  (abs)        00098
_OUTPacket                                (abs)        002A0
_PIE2bits                                 (abs)        00092
_PIR2bits                                 (abs)        00012
_PR2                                      (abs)        0001B
_PWM1CON                                  (abs)        00613
_PWM1DCH                                  (abs)        00612
_PWM1DCL                                  (abs)        00611
_PWM1OE                                   (abs)        0309E
_PrecalcHashes                            bssBANK6     00340
_ProcessCmd                               text2        00E90
_ProcessCmd$2059                          cstackBANK1  000C2
_ProcessIO                                text1        01177
_ProcessIO$2377                           cstackBANK1  000C9
_ProcessIO$2411                           cstackBANK1  000CB
_RCIF                                     (abs)        0008D
_RCREG                                    (abs)        00199
_RCSTAbits                                (abs)        0019D
_RemoteWakeup                             bssBANK2     00168
_ResultPos                                bssBANK0     00066
_ResultQC                                 bssBANK3     001B7
_ResultQue                                bssBANK3     001C0
_ResultRx                                 text63       00977
_ResultRx$3333                            cstackCOMMON 0007C
_ResultRx$3334                            cstackCOMMON 0007D
_SSP1EN                                   (abs)        010AD
_SSP1IF                                   (abs)        0008B
_SSPADD                                   (abs)        00212
_SSPBUF                                   (abs)        00211
_SSPCON1bits                              (abs)        00215
_SSPCON2bits                              (abs)        00216
_SSPCON3bits                              (abs)        00217
_SSPSTATbits                              (abs)        00214
_Send32                                   text11       01754
_SendAsicData                             text10       01628
_SendCmdReply                             text4        016BD
_SetupPkt                                 (abs)        00040
_SlaveAddress                             bssBANK1     000E5
_SlowTick                                 bssBANK3     001B8
_Status                                   dataBANK2    00159
_Step                                     bssBANK3     001AC
_T1CONbits                                (abs)        00018
_T1GCONbits                               (abs)        00019
_T1GSPM                                   (abs)        000CC
_T2CONbits                                (abs)        0001C
_TMR0                                     (abs)        00015
_TMR0CS                                   (abs)        004AD
_TMR0IF                                   (abs)        0005A
_TMR1GE                                   (abs)        000CF
_TMR1GIE                                  (abs)        0048F
_TMR1GIF                                  (abs)        0008F
_TMR1H                                    (abs)        00017
_TMR1IE                                   (abs)        00488
_TMR1IF                                   (abs)        00088
_TMR1L                                    (abs)        00016
_TMR1ON                                   (abs)        000C0
_TMR2IF                                   (abs)        00089
_TMR2ON                                   (abs)        000E2
_TRISAbits                                (abs)        0008C
_TRISBbits                                (abs)        0008D
_TRISCbits                                (abs)        0008E
_TXSTAbits                                (abs)        0019E
_TempTarget                               nvBANK3      001E7
_TimeOut                                  bssBANK3     001B9
_UADDR                                    (abs)        00E96
_UCFG                                     (abs)        00E91
_UCON                                     (abs)        00E8E
_UCONbits                                 (abs)        00E8E
_UEIE                                     (abs)        00E97
_UEIR                                     (abs)        00E93
_UEP0                                     (abs)        00E98
_UEP0bits                                 (abs)        00E98
_UEP1                                     (abs)        00E99
_UIE                                      (abs)        00E92
_UIEbits                                  (abs)        00E92
_UIR                                      (abs)        00E90
_UIRbits                                  (abs)        00E90
_USBActiveConfiguration                   bssBANK0     0006D
_USBAlternateInterface                    bssBANK0     0006E
_USBBusIsSuspended                        bssBANK3     001BA
_USBCBCheckOtherReq                       text55       007FD
_USBCBErrorHandler                        text57       01000
_USBCBInitEP                              text50       01B14
_USBCBStdSetDscHandler                    text54       00002
_USBCBSuspend                             text60       019B7
_USBCBWakeFromSuspend                     text59       019B8
_USBCB_SOF_Handler                        text58       019B9
_USBCheckStdRequest                       text36       01EDA
_USBCheckVendorRequest                    text56       01001
_USBConfigureEndpoint                     text53       01D95
_USBCtrlEPAllowDataStage                  text43       01E83
_USBCtrlEPAllowStatusStage                text45       01094
_USBCtrlEPService                         text31       01103
_USBCtrlEPServiceComplete                 text42       0147D
_USBCtrlTrfInHandler                      text32       01F33
_USBCtrlTrfOutHandler                     text33       01BE8
_USBCtrlTrfRxService                      text34       00A29
_USBCtrlTrfSetupHandler                   text35       01D0D
_USBCtrlTrfTxService                      text44       01508
_USBDeferINDataStagePackets               bssBANK3     001BB
_USBDeferOUTDataStagePackets              bssBANK3     001BC
_USBDeferStatusStagePacket                bssBANK0     00067
_USBDeviceInit                            text61       008C7
_USBDeviceState                           bssBANK1     000E6
_USBDeviceTasks                           text30       00B8F
_USBEnableEndpoint                        text52       01BBE
_USBGenericInHandle                       bssBANK3     001BD
_USBGenericOutHandle                      bssBANK3     001BE
_USBStallHandler                          text46       01B72
_USBStatusStageEnabledFlag1               bssBANK2     00169
_USBStatusStageEnabledFlag2               bssBANK3     001BF
_USBStatusStageTimeoutCounter             bssBANK2     0016A
_USBStdFeatureReqHandler                  text37       00D76
_USBStdGetDscHandler                      text39       01271
_USBStdGetStatusHandler                   text38       01E30
_USBStdSetCfgHandler                      text40       01372
_USBSuspend                               text47       01A73
_USBTransferOnePacket                     text51       01DE2
_USBWakeFromSuspend                       text48       008AF
_USB_CD_Ptr                               strings      00804
_USB_SD_Ptr                               strings      00801
_USER_USB_CALLBACK_EVENT_HANDLER          text49       01C8E
_USTAT                                    (abs)        00E8F
_USTATcopy                                bssBANK1     000EE
_UpdateFanLevel                           text21       004E1
_UpdateFanLevel$2898                      cstackBANK1  000DF
_UpdateFanLevel$2899                      cstackBANK1  000DC
_UserInit                                 text13       01A1D
_WQI                                      bssBANK1     000EF
_WQX                                      bssBANK2     0016F
_WorkNow                                  bssBANK1     000E7
_WorkQue                                  (abs)        0233C
_WorkTick                                 text20       01CCD
__CFG_CPUDIV$NOCLKDIV                     (abs)        00000
__CFG_FCMEN$OFF                           (abs)        00000
__CFG_FOSC$INTOSC                         (abs)        00000
__CFG_IESO$OFF                            (abs)        00000
__CFG_LVP$OFF                             (abs)        00000
__CFG_MCLRE$OFF                           (abs)        00000
__CFG_PWRTE$ON                            (abs)        00000
__CFG_WDTE$OFF                            (abs)        00000
__Habs1                                   abs1         00000
__Hbank0                                  bank0        00000
__Hbank1                                  bank1        00000
__Hbank10                                 bank10       00000
__Hbank11                                 bank11       00000
__Hbank12                                 bank12       00000
__Hbank13                                 bank13       00000
__Hbank14                                 bank14       00000
__Hbank15                                 bank15       00000
__Hbank16                                 bank16       00000
__Hbank17                                 bank17       00000
__Hbank18                                 bank18       00000
__Hbank19                                 bank19       00000
__Hbank2                                  bank2        00000
__Hbank20                                 bank20       00000
__Hbank21                                 bank21       00000
__Hbank22                                 bank22       00000
__Hbank23                                 bank23       00000
__Hbank24                                 bank24       00000
__Hbank25                                 bank25       00000
__Hbank26                                 bank26       00000
__Hbank27                                 bank27       00000
__Hbank28                                 bank28       00000
__Hbank29                                 bank29       00000
__Hbank3                                  bank3        00000
__Hbank30                                 bank30       00000
__Hbank31                                 bank31       00000
__Hbank4                                  bank4        00000
__Hbank5                                  bank5        00000
__Hbank6                                  bank6        00000
__Hbank7                                  bank7        00000
__Hbank8                                  bank8        00000
__Hbank9                                  bank9        00000
__Hbigram                                 bigram       00000
__HbssBANK0                               bssBANK0     00000
__HbssBANK1                               bssBANK1     00000
__HbssBANK2                               bssBANK2     00000
__HbssBANK3                               bssBANK3     00000
__HbssBANK4                               bssBANK4     00000
__HbssBANK6                               bssBANK6     00000
__Hcinit                                  cinit        00000
__Hclrtext                                clrtext      00000
__Hcode                                   code         00000
__Hcommon                                 common       00000
__Hconfig                                 config       08009
__HcstackBANK0                            cstackBANK0  00000
__HcstackBANK1                            cstackBANK1  00000
__HcstackBANK2                            cstackBANK2  00000
__HcstackCOMMON                           cstackCOMMON 00000
__HdataBANK0                              dataBANK0    00000
__HdataBANK2                              dataBANK2    00000
__HdataBANK3                              dataBANK3    00000
__HdataBANK7                              dataBANK7    00000
__Heeprom_data                            eeprom_data  00000
__Hend_init                               end_init     00014
__Hfunctab                                functab      00000
__HidataBANK0                             idataBANK0   00000
__HidataBANK2                             idataBANK2   00000
__HidataBANK3                             idataBANK3   00000
__HidataBANK7                             idataBANK7   00000
__Hidloc                                  idloc        00000
__Hinit                                   init         00012
__Hinittext                               inittext     00000
__Hintentry                               intentry     00012
__Hmaintext                               maintext     00000
__HnvBANK3                                nvBANK3      00000
__Hpowerup                                powerup      00000
__Hram                                    ram          00000
__Hreset_vec                              reset_vec    00002
__Hsfr0                                   sfr0         00000
__Hsfr1                                   sfr1         00000
__Hsfr10                                  sfr10        00000
__Hsfr11                                  sfr11        00000
__Hsfr12                                  sfr12        00000
__Hsfr13                                  sfr13        00000
__Hsfr14                                  sfr14        00000
__Hsfr15                                  sfr15        00000
__Hsfr16                                  sfr16        00000
__Hsfr17                                  sfr17        00000
__Hsfr18                                  sfr18        00000
__Hsfr19                                  sfr19        00000
__Hsfr2                                   sfr2         00000
__Hsfr20                                  sfr20        00000
__Hsfr21                                  sfr21        00000
__Hsfr22                                  sfr22        00000
__Hsfr23                                  sfr23        00000
__Hsfr24                                  sfr24        00000
__Hsfr25                                  sfr25        00000
__Hsfr26                                  sfr26        00000
__Hsfr27                                  sfr27        00000
__Hsfr28                                  sfr28        00000
__Hsfr29                                  sfr29        00000
__Hsfr3                                   sfr3         00000
__Hsfr30                                  sfr30        00000
__Hsfr31                                  sfr31        00000
__Hsfr4                                   sfr4         00000
__Hsfr5                                   sfr5         00000
__Hsfr6                                   sfr6         00000
__Hsfr7                                   sfr7         00000
__Hsfr8                                   sfr8         00000
__Hsfr9                                   sfr9         00000
__Hstrings                                strings      00000
__Htext                                   text         00000
__Labs1                                   abs1         00000
__Lbank0                                  bank0        00000
__Lbank1                                  bank1        00000
__Lbank10                                 bank10       00000
__Lbank11                                 bank11       00000
__Lbank12                                 bank12       00000
__Lbank13                                 bank13       00000
__Lbank14                                 bank14       00000
__Lbank15                                 bank15       00000
__Lbank16                                 bank16       00000
__Lbank17                                 bank17       00000
__Lbank18                                 bank18       00000
__Lbank19                                 bank19       00000
__Lbank2                                  bank2        00000
__Lbank20                                 bank20       00000
__Lbank21                                 bank21       00000
__Lbank22                                 bank22       00000
__Lbank23                                 bank23       00000
__Lbank24                                 bank24       00000
__Lbank25                                 bank25       00000
__Lbank26                                 bank26       00000
__Lbank27                                 bank27       00000
__Lbank28                                 bank28       00000
__Lbank29                                 bank29       00000
__Lbank3                                  bank3        00000
__Lbank30                                 bank30       00000
__Lbank31                                 bank31       00000
__Lbank4                                  bank4        00000
__Lbank5                                  bank5        00000
__Lbank6                                  bank6        00000
__Lbank7                                  bank7        00000
__Lbank8                                  bank8        00000
__Lbank9                                  bank9        00000
__Lbigram                                 bigram       00000
__LbssBANK0                               bssBANK0     00000
__LbssBANK1                               bssBANK1     00000
__LbssBANK2                               bssBANK2     00000
__LbssBANK3                               bssBANK3     00000
__LbssBANK4                               bssBANK4     00000
__LbssBANK6                               bssBANK6     00000
__Lcinit                                  cinit        00000
__Lclrtext                                clrtext      00000
__Lcode                                   code         00000
__Lcommon                                 common       00000
__Lconfig                                 config       08007
__LcstackBANK0                            cstackBANK0  00000
__LcstackBANK1                            cstackBANK1  00000
__LcstackBANK2                            cstackBANK2  00000
__LcstackCOMMON                           cstackCOMMON 00000
__LdataBANK0                              dataBANK0    00000
__LdataBANK2                              dataBANK2    00000
__LdataBANK3                              dataBANK3    00000
__LdataBANK7                              dataBANK7    00000
__Leeprom_data                            eeprom_data  00000
__Lend_init                               end_init     00012
__Lfunctab                                functab      00000
__LidataBANK0                             idataBANK0   00000
__LidataBANK2                             idataBANK2   00000
__LidataBANK3                             idataBANK3   00000
__LidataBANK7                             idataBANK7   00000
__Lidloc                                  idloc        00000
__Linit                                   init         00012
__Linittext                               inittext     00000
__Lintentry                               intentry     00004
__Lmaintext                               maintext     00000
__LnvBANK3                                nvBANK3      00000
__Lpowerup                                powerup      00000
__Lram                                    ram          00000
__Lreset_vec                              reset_vec    00000
__Lsfr0                                   sfr0         00000
__Lsfr1                                   sfr1         00000
__Lsfr10                                  sfr10        00000
__Lsfr11                                  sfr11        00000
__Lsfr12                                  sfr12        00000
__Lsfr13                                  sfr13        00000
__Lsfr14                                  sfr14        00000
__Lsfr15                                  sfr15        00000
__Lsfr16                                  sfr16        00000
__Lsfr17                                  sfr17        00000
__Lsfr18                                  sfr18        00000
__Lsfr19                                  sfr19        00000
__Lsfr2                                   sfr2         00000
__Lsfr20                                  sfr20        00000
__Lsfr21                                  sfr21        00000
__Lsfr22                                  sfr22        00000
__Lsfr23                                  sfr23        00000
__Lsfr24                                  sfr24        00000
__Lsfr25                                  sfr25        00000
__Lsfr26                                  sfr26        00000
__Lsfr27                                  sfr27        00000
__Lsfr28                                  sfr28        00000
__Lsfr29                                  sfr29        00000
__Lsfr3                                   sfr3         00000
__Lsfr30                                  sfr30        00000
__Lsfr31                                  sfr31        00000
__Lsfr4                                   sfr4         00000
__Lsfr5                                   sfr5         00000
__Lsfr6                                   sfr6         00000
__Lsfr7                                   sfr7         00000
__Lsfr8                                   sfr8         00000
__Lsfr9                                   sfr9         00000
__Lstrings                                strings      00000
__Ltext                                   text         00000
__S0                                      (abs)        08009
__S1                                      (abs)        003C0
___awdiv                                  text19       01F99
___awdiv@counter                          cstackBANK1  000A1
___awdiv@dividend                         cstackBANK0  00060
___awdiv@divisor                          cstackBANK0  0005E
___awdiv@quotient                         cstackBANK1  000A3
___awdiv@sign                             cstackBANK1  000A2
___awtoft                                 text28       01B97
___awtoft@c                               cstackBANK1  000A5
___awtoft@sign                            cstackBANK0  00061
___bmul                                   text5        01A0B
___bmul@multiplicand                      cstackBANK0  0005E
___bmul@multiplier                        cstackBANK0  00061
___bmul@product                           cstackBANK0  00060
___ftadd                                  text27       00C80
___ftadd@exp1                             cstackBANK1  000C9
___ftadd@exp2                             cstackBANK1  000C8
___ftadd@f1                               cstackBANK1  000BD
___ftadd@f2                               cstackBANK1  000C0
___ftadd@sign                             cstackBANK1  000C7
___ftge                                   text26       01C52
___ftge@ff1                               cstackBANK1  000CA
___ftge@ff2                               cstackBANK1  000CD
___ftmul                                  text25       00ADB
___ftmul@cntr                             cstackBANK1  000B8
___ftmul@exp                              cstackBANK1  000B4
___ftmul@f1                               cstackBANK1  000AA
___ftmul@f2                               cstackBANK1  000AD
___ftmul@f3_as_product                    cstackBANK1  000B5
___ftmul@sign                             cstackBANK1  000B9
___ftneg                                  text24       019BA
___ftneg@f1                               cstackBANK1  000BA
___ftpack                                 text29       01029
___ftpack@arg                             cstackBANK1  000A0
___ftpack@exp                             cstackBANK1  000A3
___ftpack@sign                            cstackBANK1  000A4
___fttol                                  text23       013F6
___fttol@exp1                             cstackBANK1  000D7
___fttol@f1                               cstackBANK1  000CA
___fttol@lval                             cstackBANK1  000D3
___fttol@sign1                            cstackBANK1  000D2
___latbits                                (abs)        00002
___lbtoft                                 text22       01ABF
___lbtoft@c                               cstackBANK0  00061
___lwdiv                                  text3        01D50
___lwdiv@counter                          cstackBANK1  000A1
___lwdiv@dividend                         cstackBANK0  00060
___lwdiv@divisor                          cstackBANK0  0005E
___lwdiv@quotient                         cstackBANK1  000A2
___wmul                                   text7        01002
___wmul@multiplicand                      cstackBANK0  00060
___wmul@multiplier                        cstackBANK0  0005E
___wmul@product                           cstackBANK1  000A0
__end_of_AsicPreCalc                      text8        004E1
__end_of_AsicPushWork                     text6        01372
__end_of_DetectAsics                      text18       007FD
__end_of_ID                               strings      008AB
__end_of_ISRCode                          intentry     00012
__end_of_InitFAN                          text17       01AF7
__end_of_InitResultRx                     text14       01A0B
__end_of_InitTempSensor                   text16       01A5C
__end_of_InitWorkTick                     text15       01A45
__end_of_InitializeSystem                 text12       01AA5
__end_of_ProcessCmd                       text2        01000
__end_of_ProcessIO                        text1        011F4
__end_of_ResultRx                         text63       00A29
__end_of_Send32                           text11       01800
__end_of_SendAsicData                     text10       016BD
__end_of_SendCmdReply                     text4        01754
__end_of_USBCBCheckOtherReq               text55       00800
__end_of_USBCBErrorHandler                text57       01001
__end_of_USBCBInitEP                      text50       01B31
__end_of_USBCBStdSetDscHandler            text54       00003
__end_of_USBCBSuspend                     text60       019B8
__end_of_USBCBWakeFromSuspend             text59       019B9
__end_of_USBCB_SOF_Handler                text58       019BA
__end_of_USBCheckStdRequest               text36       01F33
__end_of_USBCheckVendorRequest            text56       01002
__end_of_USBConfigureEndpoint             text53       01DE2
__end_of_USBCtrlEPAllowDataStage          text43       01EDA
__end_of_USBCtrlEPAllowStatusStage        text45       01103
__end_of_USBCtrlEPService                 text31       01177
__end_of_USBCtrlEPServiceComplete         text42       01508
__end_of_USBCtrlTrfInHandler              text32       01F99
__end_of_USBCtrlTrfOutHandler             text33       01C1B
__end_of_USBCtrlTrfRxService              text34       00ADB
__end_of_USBCtrlTrfSetupHandler           text35       01D50
__end_of_USBCtrlTrfTxService              text44       01595
__end_of_USBDeviceInit                    text61       00977
__end_of_USBDeviceTasks                   text30       00C80
__end_of_USBEnableEndpoint                text52       01BE8
__end_of_USBStallHandler                  text46       01B97
__end_of_USBStdFeatureReqHandler          text37       00E90
__end_of_USBStdGetDscHandler              text39       012F0
__end_of_USBStdGetStatusHandler           text38       01E83
__end_of_USBStdSetCfgHandler              text40       013F6
__end_of_USBSuspend                       text47       01A8C
__end_of_USBTransferOnePacket             text51       01E30
__end_of_USBWakeFromSuspend               text48       008C7
__end_of_USB_CD_Ptr                       strings      00805
__end_of_USB_SD_Ptr                       strings      00804
__end_of_USER_USB_CALLBACK_EVENT_HANDLER  text49       01CCD
__end_of_UpdateFanLevel                   text21       00745
__end_of_UserInit                         text13       01A30
__end_of_WorkTick                         text20       01D0D
__end_of___awdiv                          text19       02000
__end_of___awtoft                         text28       01BBE
__end_of___bmul                           text5        01A1D
__end_of___ftadd                          text27       00D76
__end_of___ftge                           text26       01C8E
__end_of___ftmul                          text25       00B8F
__end_of___ftneg                          text24       019C3
__end_of___ftpack                         text29       01094
__end_of___fttol                          text23       0147D
__end_of___lbtoft                         text22       01ADB
__end_of___lwdiv                          text3        01D95
__end_of___wmul                           text7        01029
__end_of__initialization                  cinit        0126E
__end_of__stringtab                       strings      00801
__end_of_configDescriptor1                strings      0088D
__end_of_device_dsc                       strings      0089F
__end_of_main                             maintext     01A73
__end_of_memset                           text41       01B72
__end_of_rotate                           text9        01C52
__end_of_sd000                            strings      008AF
__end_of_sd001                            strings      00839
__end_of_sd002                            strings      0086D
__end_ofi1_SendCmdReply                   text64       01628
__end_ofi1___bmul                         text65       019F9
__end_ofi1___wmul                         text66       01B14
__initialization                          cinit        011F4
__pbssBANK0                               bssBANK0     00062
__pbssBANK1                               bssBANK1     000E3
__pbssBANK2                               bssBANK2     00166
__pbssBANK3                               bssBANK3     001A0
__pbssBANK4                               bssBANK4     00260
__pbssBANK6                               bssBANK6     00320
__pbssBIGRAM                              (abs)        0233C
__pcstackBANK0                            cstackBANK0  00050
__pcstackBANK1                            cstackBANK1  000A0
__pcstackBANK2                            cstackBANK2  00120
__pcstackCOMMON                           cstackCOMMON 00070
__pdataBANK0                              dataBANK0    0006F
__pdataBANK2                              dataBANK2    00159
__pdataBANK3                              dataBANK3    001CC
__pdataBANK7                              dataBANK7    003A0
__pidataBANK0                             idataBANK0   00003
__pidataBANK2                             idataBANK2   019DB
__pidataBANK3                             idataBANK3   01AA5
__pidataBANK7                             idataBANK7   01B31
__pintentry                               intentry     00004
__pmaintext                               maintext     01A5C
__pnvBANK3                                nvBANK3      001E6
__pstrings                                strings      00800
__pswtext1                                swtext1      01800
__ptext1                                  text1        01177
__ptext10                                 text10       01628
__ptext11                                 text11       01754
__ptext12                                 text12       01A8C
__ptext13                                 text13       01A1D
__ptext14                                 text14       019F9
__ptext15                                 text15       01A30
__ptext16                                 text16       01A45
__ptext17                                 text17       01ADB
__ptext18                                 text18       00745
__ptext19                                 text19       01F99
__ptext2                                  text2        00E90
__ptext20                                 text20       01CCD
__ptext21                                 text21       004E1
__ptext22                                 text22       01ABF
__ptext23                                 text23       013F6
__ptext24                                 text24       019BA
__ptext25                                 text25       00ADB
__ptext26                                 text26       01C52
__ptext27                                 text27       00C80
__ptext28                                 text28       01B97
__ptext29                                 text29       01029
__ptext3                                  text3        01D50
__ptext30                                 text30       00B8F
__ptext31                                 text31       01103
__ptext32                                 text32       01F33
__ptext33                                 text33       01BE8
__ptext34                                 text34       00A29
__ptext35                                 text35       01D0D
__ptext36                                 text36       01EDA
__ptext37                                 text37       00D76
__ptext38                                 text38       01E30
__ptext39                                 text39       01271
__ptext4                                  text4        016BD
__ptext40                                 text40       01372
__ptext41                                 text41       01B51
__ptext42                                 text42       0147D
__ptext43                                 text43       01E83
__ptext44                                 text44       01508
__ptext45                                 text45       01094
__ptext46                                 text46       01B72
__ptext47                                 text47       01A73
__ptext48                                 text48       008AF
__ptext49                                 text49       01C8E
__ptext5                                  text5        01A0B
__ptext50                                 text50       01B14
__ptext51                                 text51       01DE2
__ptext52                                 text52       01BBE
__ptext53                                 text53       01D95
__ptext54                                 text54       00002
__ptext55                                 text55       007FD
__ptext56                                 text56       01001
__ptext57                                 text57       01000
__ptext58                                 text58       019B9
__ptext59                                 text59       019B8
__ptext6                                  text6        012F0
__ptext60                                 text60       019B7
__ptext61                                 text61       008C7
__ptext63                                 text63       00977
__ptext64                                 text64       01595
__ptext65                                 text65       019E8
__ptext66                                 text66       01AF7
__ptext7                                  text7        01002
__ptext8                                  text8        00014
__ptext9                                  text9        01C1B
__size_of_AsicPreCalc                     (abs)        00000
__size_of_AsicPushWork                    (abs)        00000
__size_of_DetectAsics                     (abs)        00000
__size_of_ISRCode                         (abs)        00000
__size_of_InitFAN                         (abs)        00000
__size_of_InitResultRx                    (abs)        00000
__size_of_InitTempSensor                  (abs)        00000
__size_of_InitWorkTick                    (abs)        00000
__size_of_InitializeSystem                (abs)        00000
__size_of_ProcessCmd                      (abs)        00000
__size_of_ProcessIO                       (abs)        00000
__size_of_ResultRx                        (abs)        00000
__size_of_Send32                          (abs)        00000
__size_of_SendAsicData                    (abs)        00000
__size_of_SendCmdReply                    (abs)        00000
__size_of_USBCBCheckOtherReq              (abs)        00000
__size_of_USBCBErrorHandler               (abs)        00000
__size_of_USBCBInitEP                     (abs)        00000
__size_of_USBCBStdSetDscHandler           (abs)        00000
__size_of_USBCBSuspend                    (abs)        00000
__size_of_USBCBWakeFromSuspend            (abs)        00000
__size_of_USBCB_SOF_Handler               (abs)        00000
__size_of_USBCheckStdRequest              (abs)        00000
__size_of_USBCheckVendorRequest           (abs)        00000
__size_of_USBConfigureEndpoint            (abs)        00000
__size_of_USBCtrlEPAllowDataStage         (abs)        00000
__size_of_USBCtrlEPAllowStatusStage       (abs)        00000
__size_of_USBCtrlEPService                (abs)        00000
__size_of_USBCtrlEPServiceComplete        (abs)        00000
__size_of_USBCtrlTrfInHandler             (abs)        00000
__size_of_USBCtrlTrfOutHandler            (abs)        00000
__size_of_USBCtrlTrfRxService             (abs)        00000
__size_of_USBCtrlTrfSetupHandler          (abs)        00000
__size_of_USBCtrlTrfTxService             (abs)        00000
__size_of_USBDeviceInit                   (abs)        00000
__size_of_USBDeviceTasks                  (abs)        00000
__size_of_USBEnableEndpoint               (abs)        00000
__size_of_USBStallHandler                 (abs)        00000
__size_of_USBStdFeatureReqHandler         (abs)        00000
__size_of_USBStdGetDscHandler             (abs)        00000
__size_of_USBStdGetStatusHandler          (abs)        00000
__size_of_USBStdSetCfgHandler             (abs)        00000
__size_of_USBSuspend                      (abs)        00000
__size_of_USBTransferOnePacket            (abs)        00000
__size_of_USBWakeFromSuspend              (abs)        00000
__size_of_USER_USB_CALLBACK_EVENT_HANDLER (abs)        00000
__size_of_UpdateFanLevel                  (abs)        00000
__size_of_UserInit                        (abs)        00000
__size_of_WorkTick                        (abs)        00000
__size_of___awdiv                         (abs)        00000
__size_of___awtoft                        (abs)        00000
__size_of___bmul                          (abs)        00000
__size_of___ftadd                         (abs)        00000
__size_of___ftge                          (abs)        00000
__size_of___ftmul                         (abs)        00000
__size_of___ftneg                         (abs)        00000
__size_of___ftpack                        (abs)        00000
__size_of___fttol                         (abs)        00000
__size_of___lbtoft                        (abs)        00000
__size_of___lwdiv                         (abs)        00000
__size_of___wmul                          (abs)        00000
__size_of_main                            (abs)        00000
__size_of_memset                          (abs)        00000
__size_of_rotate                          (abs)        00000
__size_ofi1_SendCmdReply                  (abs)        00000
__size_ofi1___bmul                        (abs)        00000
__size_ofi1___wmul                        (abs)        00000
__stringtab                               strings      00800
[...]
      Temps:          0       0       0       0       0       0       0       0       0       0       0       0       0       0
      Totals:         0       0       0       0       0       0       0       0       0       0       0       0       0       0
Total ram usage:        0 bytes
 Hardware stack levels used:    1
 Hardware stack levels required when called:    4
 This function calls:
		Nothing
 This function is called by:
		_USBCBCheckOtherReq
 This function uses a non-reentrant model


 *************** function _USBCBErrorHandler *****************
 Defined at:
		line 358 in file "main.c"
 Parameters:    Size  Location     Type
		None
 Auto vars:     Size  Location     Type
		None
 Return value:  Size  Location     Type
		None               void
 Registers used:
		None
 Tracked objects:
		On entry : 
		On exit  : 
		Unchanged: 
 Data sizes:     COMMON   BANK0   BANK1   BANK2   BANK3   BANK4   BANK5   BANK6   BANK7   BANK8   BANK9  BANK10  BANK11  BANK12
      Params:         0       0       0       0       0       0       0       0       0       0       0       0       0       0
      Locals:         0       0       0       0       0       0       0       0       0       0       0       0       0       0
      Temps:          0       0       0       0       0       0       0       0       0       0       0       0       0       0
      Totals:         0       0       0       0       0       0       0       0       0       0       0       0       0       0
Total ram usage:        0 bytes
 Hardware stack levels used:    1
 Hardware stack levels required when called:    4
 This function calls:
		Nothing
 This function is called by:
		_USER_USB_CALLBACK_EVENT_HANDLER
 This function uses a non-reentrant model


 *************** function _USBCB_SOF_Handler *****************
 Defined at:
		line 335 in file "main.c"
 Parameters:    Size  Location     Type
		None
 Auto vars:     Size  Location     Type
		None
 Return value:  Size  Location     Type
		None               void
 Registers used:
		None
 Tracked objects:
		On entry : 
		On exit  : 
		Unchanged: 
 Data sizes:     COMMON   BANK0   BANK1   BANK2   BANK3   BANK4   BANK5   BANK6   BANK7   BANK8   BANK9  BANK10  BANK11  BANK12
      Params:         0       0       0       0       0       0       0       0       0       0       0       0       0       0
      Locals:         0       0       0       0       0       0       0       0       0       0       0       0       0       0
      Temps:          0       0       0       0       0       0       0       0       0       0       0       0       0       0
      Totals:         0       0       0       0       0       0       0       0       0       0       0       0       0       0
Total ram usage:        0 bytes
 Hardware stack levels used:    1
 Hardware stack levels required when called:    4
 This function calls:
		Nothing
 This function is called by:
		_USER_USB_CALLBACK_EVENT_HANDLER
 This function uses a non-reentrant model


 *************** function _USBCBWakeFromSuspend *****************
 Defined at:
		line 305 in file "main.c"
 Parameters:    Size  Location     Type
		None
 Auto vars:     Size  Location     Type
		None
 Return value:  Size  Location     Type
		None               void
 Registers used:
		None
 Tracked objects:
		On entry : 
		On exit  : 
		Unchanged: 
 Data sizes:     COMMON   BANK0   BANK1   BANK2   BANK3   BANK4   BANK5   BANK6   BANK7   BANK8   BANK9  BANK10  BANK11  BANK12
      Params:         0       0       0       0       0       0       0       0       0       0       0       0       0       0
      Locals:         0       0       0       0       0       0       0       0       0       0       0       0       0       0
      Temps:          0       0       0       0       0       0       0       0       0       0       0       0       0       0
      Totals:         0       0       0       0       0       0       0       0       0       0       0       0       0       0
Total ram usage:        0 bytes
 Hardware stack levels used:    1
 Hardware stack levels required when called:    4
 This function calls:
		Nothing
 This function is called by:
		_USER_USB_CALLBACK_EVENT_HANDLER
		_USBCBSendResume
 This function uses a non-reentrant model


 *************** function _USBCBSuspend *****************
 Defined at:
		line 264 in file "main.c"
 Parameters:    Size  Location     Type
		None
 Auto vars:     Size  Location     Type
		None
 Return value:  Size  Location     Type
		None               void
 Registers used:
		None
 Tracked objects:
		On entry : 
		On exit  : 
		Unchanged: 
 Data sizes:     COMMON   BANK0   BANK1   BANK2   BANK3   BANK4   BANK5   BANK6   BANK7   BANK8   BANK9  BANK10  BANK11  BANK12
      Params:         0       0       0       0       0       0       0       0       0       0       0       0       0       0
      Locals:         0       0       0       0       0       0       0       0       0       0       0       0       0       0
      Temps:          0       0       0       0       0       0       0       0       0       0       0       0       0       0
      Totals:         0       0       0       0       0       0       0       0       0       0       0       0       0       0
Total ram usage:        0 bytes
 Hardware stack levels used:    1
 Hardware stack levels required when called:    4
 This function calls:
		Nothing
 This function is called by:
		_USER_USB_CALLBACK_EVENT_HANDLER
 This function uses a non-reentrant model


 *************** function _USBDeviceInit *****************
 Defined at:
		line 467 in file "../USB/usb_device.c"
 Parameters:    Size  Location     Type
		None
 Auto vars:     Size  Location     Type
  p               2    0[BANK1 ] PTR unsigned char 
		 -> UEP1(1), 
  i               1    2[BANK1 ] unsigned char 
  i               1    3[BANK1 ] unsigned char 
 Return value:  Size  Location     Type
		None               void
 Registers used:
		wreg, fsr1l, fsr1h, status,2, status,0
 Tracked objects:
		On entry : 
		On exit  : 
		Unchanged: 
 Data sizes:     COMMON   BANK0   BANK1   BANK2   BANK3   BANK4   BANK5   BANK6   BANK7   BANK8   BANK9  BANK10  BANK11  BANK12
      Params:         0       0       0       0       0       0       0       0       0       0       0       0       0       0
      Locals:         0       0       4       0       0       0       0       0       0       0       0       0       0       0
      Temps:          0       2       0       0       0       0       0       0       0       0       0       0       0       0
      Totals:         0       2       4       0       0       0       0       0       0       0       0       0       0       0
Total ram usage:        6 bytes
 Hardware stack levels used:    1
 Hardware stack levels required when called:    4
 This function calls:
		Nothing
 This function is called by:
		_USBDeviceTasks
		_InitializeSystem
 This function uses a non-reentrant model


 *************** function _ISRCode *****************
 Defined at:
		line 70 in file "main.c"
 Parameters:    Size  Location     Type
		None
 Auto vars:     Size  Location     Type
		None
 Return value:  Size  Location     Type
		None               void
 Registers used:
		wreg, fsr0l, fsr0h, fsr1l, fsr1h, status,2, status,0, btemp+1, pclath, cstack
 Tracked objects:
		On entry : 
		On exit  : 
		Unchanged: 
 Data sizes:     COMMON   BANK0   BANK1   BANK2   BANK3   BANK4   BANK5   BANK6   BANK7   BANK8   BANK9  BANK10  BANK11  BANK12
      Params:         0       0       0       0       0       0       0       0       0       0       0       0       0       0
      Locals:         0       0       0       0       0       0       0       0       0       0       0       0       0       0
      Temps:          0       1       0       0       0       0       0       0       0       0       0       0       0       0
      Totals:         0       1       0       0       0       0       0       0       0       0       0       0       0       0
Total ram usage:        1 bytes
 Hardware stack levels used:    1
 Hardware stack levels required when called:    3
 This function calls:
		_ResultRx
 This function is called by:
		Interrupt level 1
 This function uses a non-reentrant model


 *************** function _ResultRx *****************
 Defined at:
		line 191 in file "klondike.c"
 Parameters:    Size  Location     Type
		None
 Auto vars:     Size  Location     Type
		None
 Return value:  Size  Location     Type
		None               void
 Registers used:
		wreg, fsr0l, fsr0h, fsr1l, fsr1h, status,2, status,0, btemp+1, pclath, cstack
 Tracked objects:
		On entry : 
		On exit  : 
		Unchanged: 
 Data sizes:     COMMON   BANK0   BANK1   BANK2   BANK3   BANK4   BANK5   BANK6   BANK7   BANK8   BANK9  BANK10  BANK11  BANK12
      Params:         0       0       0       0       0       0       0       0       0       0       0       0       0       0
      Locals:         2       0       0       0       0       0       0       0       0       0       0       0       0       0
      Temps:          0       5       0       0       0       0       0       0       0       0       0       0       0       0
      Totals:         2       5       0       0       0       0       0       0       0       0       0       0       0       0
Total ram usage:        7 bytes
 Hardware stack levels used:    1
 Hardware stack levels required when called:    2
 This function calls:
		i1_SendCmdReply
		i1___bmul
 This function is called by:
		_ISRCode
 This function uses a non-reentrant model


 *************** function i1_SendCmdReply *****************
 Defined at:
		line 208 in file "main.c"
 Parameters:    Size  Location     Type
  SendCmdReply    2    6[COMMON] PTR unsigned char 
		 -> ResultQue(12), OUTPacket(64), 
  SendCmdReply    2    8[COMMON] PTR unsigned char 
		 -> ResultQue(12), Cfg(6), ID(12), Status(13), 
  SendCmdReply    1   10[COMMON] unsigned char 
 Auto vars:     Size  Location     Type
  SendCmdReply    1   11[COMMON] unsigned char 
 Return value:  Size  Location     Type
		None               void
 Registers used:
		wreg, fsr0l, fsr0h, fsr1l, fsr1h, status,2, status,0, btemp+1, pclath, cstack
 Tracked objects:
		On entry : 
		On exit  : 
		Unchanged: 
 Data sizes:     COMMON   BANK0   BANK1   BANK2   BANK3   BANK4   BANK5   BANK6   BANK7   BANK8   BANK9  BANK10  BANK11  BANK12
      Params:         5       0       0       0       0       0       0       0       0       0       0       0       0       0
      Locals:         1       0       0       0       0       0       0       0       0       0       0       0       0       0
      Temps:          0       8       0       0       0       0       0       0       0       0       0       0       0       0
      Totals:         6       8       0       0       0       0       0       0       0       0       0       0       0       0
Total ram usage:       14 bytes
 Hardware stack levels used:    1
 Hardware stack levels required when called:    1
 This function calls:
		i1___wmul
		i1___bmul
 This function is called by:
		_ResultRx
 This function uses a non-reentrant model


 *************** function i1___bmul *****************
 Defined at:
		line 3 in file "C:\Program Files (x86)\Microchip\xc8\v1.20\sources\pic\bmul.c"
 Parameters:    Size  Location     Type
  __bmul          1    wreg     unsigned char 
  __bmul          1    0[COMMON] unsigned char 
 Auto vars:     Size  Location     Type
  __bmul          1    2[COMMON] unsigned char 
  __bmul          1    3[COMMON] unsigned char 
 Return value:  Size  Location     Type
                  1    wreg      unsigned char 
 Registers used:
		wreg, status,2, status,0
 Tracked objects:
		On entry : 
		On exit  : 
		Unchanged: 
 Data sizes:     COMMON   BANK0   BANK1   BANK2   BANK3   BANK4   BANK5   BANK6   BANK7   BANK8   BANK9  BANK10  BANK11  BANK12
      Params:         1       0       0       0       0       0       0       0       0       0       0       0       0       0
      Locals:         2       0       0       0       0       0       0       0       0       0       0       0       0       0
      Temps:          1       0       0       0       0       0       0       0       0       0       0       0       0       0
      Totals:         4       0       0       0       0       0       0       0       0       0       0       0       0       0
Total ram usage:        4 bytes
 Hardware stack levels used:    1
 This function calls:
		Nothing
 This function is called by:
		_ResultRx
		i1_SendCmdReply
 This function uses a non-reentrant model


 *************** function i1___wmul *****************
 Defined at:
		line 3 in file "C:\Program Files (x86)\Microchip\xc8\v1.20\sources\pic\wmul.c"
 Parameters:    Size  Location     Type
  __wmul          2    0[COMMON] unsigned int 
  __wmul          2    2[COMMON] unsigned int 
 Auto vars:     Size  Location     Type
  __wmul          2    4[COMMON] unsigned int 
 Return value:  Size  Location     Type
                  2    0[COMMON] unsigned int 
 Registers used:
		wreg, status,2, status,0
 Tracked objects:
		On entry : 
		On exit  : 
		Unchanged: 
 Data sizes:     COMMON   BANK0   BANK1   BANK2   BANK3   BANK4   BANK5   BANK6   BANK7   BANK8   BANK9  BANK10  BANK11  BANK12
      Params:         4       0       0       0       0       0       0       0       0       0       0       0       0       0
      Locals:         2       0       0       0       0       0       0       0       0       0       0       0       0       0
      Temps:          0       0       0       0       0       0       0       0       0       0       0       0       0       0
      Totals:         6       0       0       0       0       0       0       0       0       0       0       0       0       0
Total ram usage:        6 bytes
 Hardware stack levels used:    1
 This function calls:
		Nothing
 This function is called by:
		i1_SendCmdReply
 This function uses a non-reentrant model



MODULE INFORMATION

Module		Function		Class		Link	Load	Size
C:\Program Files (x86)\Microchip\xc8\v1.20\sources\pic\awtoft.c
		___awtoft      		CODE           	1B97	0000	39

C:\Program Files (x86)\Microchip\xc8\v1.20\sources\pic\awtoft.c estimated size: 39

C:\Program Files (x86)\Microchip\xc8\v1.20\sources\pic\lbtoft.c
		___lbtoft      		CODE           	1ABF	0000	28

C:\Program Files (x86)\Microchip\xc8\v1.20\sources\pic\lbtoft.c estimated size: 28

C:\Program Files (x86)\Microchip\xc8\v1.20\sources\pic\awdiv.c
		___awdiv       		CODE           	1F99	0000	103

C:\Program Files (x86)\Microchip\xc8\v1.20\sources\pic\awdiv.c estimated size: 103

C:\Program Files (x86)\Microchip\xc8\v1.20\sources\pic\ftadd.c
		___ftadd       		CODE           	0C80	0000	246

C:\Program Files (x86)\Microchip\xc8\v1.20\sources\pic\ftadd.c estimated size: 246

C:\Program Files (x86)\Microchip\xc8\v1.20\sources\pic\lwdiv.c
		___lwdiv       		CODE           	1D50	0000	69

C:\Program Files (x86)\Microchip\xc8\v1.20\sources\pic\lwdiv.c estimated size: 69

C:\Program Files (x86)\Microchip\xc8\v1.20\sources\pic\float.c
		___ftpack      		CODE           	1029	0000	107

C:\Program Files (x86)\Microchip\xc8\v1.20\sources\pic\float.c estimated size: 107

C:\Program Files (x86)\Microchip\xc8\v1.20\sources\pic\ftge.c
		___ftge        		CODE           	1C52	0000	60

C:\Program Files (x86)\Microchip\xc8\v1.20\sources\pic\ftge.c estimated size: 60

shared
		_configDescript		STRING         	086D	0000	32
		_USB_CD_Ptr    		STRING         	0804	0000	1
		_sd001         		STRING         	0805	0000	52
		__stringtab    		STRING         	0800	0000	1
		_sd002         		STRING         	0839	0000	52
		_ID            		STRING         	089F	0000	12
		i1___wmul      		CODE           	1AF7	0000	29
		__initializatio		CODE           	11F4	0000	122
		_device_dsc    		STRING         	088D	0000	18
		i1_SendCmdReply		CODE           	1595	0000	147
		i1___bmul      		CODE           	19E8	0000	17
		_USB_SD_Ptr    		STRING         	0801	0000	3
		_sd000         		STRING         	08AB	0000	4

shared estimated size: 490

C:\Program Files (x86)\Microchip\xc8\v1.20\sources\pic\wmul.c
		___wmul        		CODE           	1002	0000	39

C:\Program Files (x86)\Microchip\xc8\v1.20\sources\pic\wmul.c estimated size: 39

asic.c
		_Send32        		CODE           	1754	0000	172
		_SendAsicData  		CODE           	1628	0000	149
		_rotate        		CODE           	1C1B	0000	55
		_AsicPreCalc   		CODE           	0014	0000	1229

asic.c estimated size: 1605

klondike.c
		_ResultRx      		CODE           	0977	0000	178
		_UpdateFanLevel		CODE           	04E1	0000	612
		_WorkTick      		CODE           	1CCD	0000	64
		_InitTempSensor		CODE           	1A45	0000	23
		_DetectAsics   		CODE           	0745	0000	184
		_InitWorkTick  		CODE           	1A30	0000	21
		_AsicPushWork  		CODE           	12F0	0000	130
		_ProcessCmd    		CODE           	0E90	0000	368
		_InitResultRx  		CODE           	19F9	0000	18
		_InitFAN       		CODE           	1ADB	0000	28

klondike.c estimated size: 1626

../USB/usb_function_generic.c
		_USBCheckVendor		CODE           	1001	0000	1

../USB/usb_function_generic.c estimated size: 1

main.c
		_USBCBErrorHand		CODE           	1000	0000	1
		_UserInit      		CODE           	1A1D	0000	19
		_USBCBWakeFromS		CODE           	19B8	0000	1
		_main          		CODE           	1A5C	0000	23
		_USER_USB_CALLB		CODE           	1C8E	0000	63
		_USBCBStdSetDsc		CODE           	0002	0000	1
		_SendCmdReply  		CODE           	16BD	0000	151
		_USBCBInitEP   		CODE           	1B14	0000	29
		_InitializeSyst		CODE           	1A8C	0000	25
		_ProcessIO     		CODE           	1177	0000	125
		_USBCB_SOF_Hand		CODE           	19B9	0000	1
		_USBCBSuspend  		CODE           	19B7	0000	1
		_USBCBCheckOthe		CODE           	07FD	0000	3
		_ISRCode       		CODE           	0004	0000	14

main.c estimated size: 457

C:\Program Files (x86)\Microchip\xc8\v1.20\sources\pic\bmul.c
		___bmul        		CODE           	1A0B	0000	18

C:\Program Files (x86)\Microchip\xc8\v1.20\sources\pic\bmul.c estimated size: 18

C:\Program Files (x86)\Microchip\xc8\v1.20\sources\pic\ftneg.c
		___ftneg       		CODE           	19BA	0000	9

C:\Program Files (x86)\Microchip\xc8\v1.20\sources\pic\ftneg.c estimated size: 9

../USB/usb_device.c
		_USBCtrlTrfInHa		CODE           	1F33	0000	102
		_USBTransferOne		CODE           	1DE2	0000	78
		_USBStdGetDscHa		CODE           	1271	0000	127
		_USBCtrlEPAllow		CODE           	1E83	0000	87
		_USBStdFeatureR		CODE           	0D76	0000	282
		_USBCtrlEPAllow		CODE           	1094	0000	111
		_USBCtrlTrfSetu		CODE           	1D0D	0000	67
		_USBCtrlTrfOutH		CODE           	1BE8	0000	51
		_USBCtrlEPServi		CODE           	147D	0000	139
		_USBSuspend    		CODE           	1A73	0000	25
		_USBStdSetCfgHa		CODE           	1372	0000	132
		_USBStdGetStatu		CODE           	1E30	0000	83
		_USBWakeFromSus		CODE           	08AF	0000	24
		_USBCtrlTrfRxSe		CODE           	0A29	0000	178
		_USBCtrlTrfTxSe		CODE           	1508	0000	141
		_USBEnableEndpo		CODE           	1BBE	0000	42
		_USBConfigureEn		CODE           	1D95	0000	77
		_USBDeviceInit 		CODE           	08C7	0000	176
		_USBCtrlEPServi		CODE           	1103	0000	116
		_USBStallHandle		CODE           	1B72	0000	37
		_USBDeviceTasks		CODE           	0B8F	0000	241
		_USBCheckStdReq		CODE           	1EDA	0000	89

../USB/usb_device.c estimated size: 2405

C:\Program Files (x86)\Microchip\xc8\v1.20\sources\pic\ftmul.c
		___ftmul       		CODE           	0ADB	0000	180

C:\Program Files (x86)\Microchip\xc8\v1.20\sources\pic\ftmul.c estimated size: 180

C:\Program Files (x86)\Microchip\xc8\v1.20\sources\pic\fttol.c
		___fttol       		CODE           	13F6	0000	135

C:\Program Files (x86)\Microchip\xc8\v1.20\sources\pic\fttol.c estimated size: 135

C:\Program Files (x86)\Microchip\xc8\v1.20\sources\common\memset.c
		_memset        		CODE           	1B51	0000	33

C:\Program Files (x86)\Microchip\xc8\v1.20\sources\common\memset.c estimated size: 33

